Archive member included to satisfy reference by file (symbol)

C:/ST/STM32CubeIDE_1.19.0/STM32CubeIDE/plugins/com.st.stm32cube.ide.mcu.externaltools.gnu-tools-for-stm32.13.3.rel1.win32_1.0.0.202411081344/tools/bin/../lib/gcc/arm-none-eabi/13.3.1/../../../../arm-none-eabi/lib/thumb/v8-m.main+fp/hard\libc_nano.a(libc_a-exit.o)
                              C:/ST/STM32CubeIDE_1.19.0/STM32CubeIDE/plugins/com.st.stm32cube.ide.mcu.externaltools.gnu-tools-for-stm32.13.3.rel1.win32_1.0.0.202411081344/tools/bin/../lib/gcc/arm-none-eabi/13.3.1/../../../../arm-none-eabi/lib/thumb/v8-m.main+fp/hard/crt0.o (exit)
C:/ST/STM32CubeIDE_1.19.0/STM32CubeIDE/plugins/com.st.stm32cube.ide.mcu.externaltools.gnu-tools-for-stm32.13.3.rel1.win32_1.0.0.202411081344/tools/bin/../lib/gcc/arm-none-eabi/13.3.1/../../../../arm-none-eabi/lib/thumb/v8-m.main+fp/hard\libc_nano.a(libc_a-findfp.o)
                              C:/ST/STM32CubeIDE_1.19.0/STM32CubeIDE/plugins/com.st.stm32cube.ide.mcu.externaltools.gnu-tools-for-stm32.13.3.rel1.win32_1.0.0.202411081344/tools/bin/../lib/gcc/arm-none-eabi/13.3.1/../../../../arm-none-eabi/lib/thumb/v8-m.main+fp/hard\libc_nano.a(libc_a-exit.o) (__stdio_exit_handler)
C:/ST/STM32CubeIDE_1.19.0/STM32CubeIDE/plugins/com.st.stm32cube.ide.mcu.externaltools.gnu-tools-for-stm32.13.3.rel1.win32_1.0.0.202411081344/tools/bin/../lib/gcc/arm-none-eabi/13.3.1/../../../../arm-none-eabi/lib/thumb/v8-m.main+fp/hard\libc_nano.a(libc_a-fwalk.o)
                              C:/ST/STM32CubeIDE_1.19.0/STM32CubeIDE/plugins/com.st.stm32cube.ide.mcu.externaltools.gnu-tools-for-stm32.13.3.rel1.win32_1.0.0.202411081344/tools/bin/../lib/gcc/arm-none-eabi/13.3.1/../../../../arm-none-eabi/lib/thumb/v8-m.main+fp/hard\libc_nano.a(libc_a-findfp.o) (_fwalk_sglue)
C:/ST/STM32CubeIDE_1.19.0/STM32CubeIDE/plugins/com.st.stm32cube.ide.mcu.externaltools.gnu-tools-for-stm32.13.3.rel1.win32_1.0.0.202411081344/tools/bin/../lib/gcc/arm-none-eabi/13.3.1/../../../../arm-none-eabi/lib/thumb/v8-m.main+fp/hard\libc_nano.a(libc_a-stdio.o)
                              C:/ST/STM32CubeIDE_1.19.0/STM32CubeIDE/plugins/com.st.stm32cube.ide.mcu.externaltools.gnu-tools-for-stm32.13.3.rel1.win32_1.0.0.202411081344/tools/bin/../lib/gcc/arm-none-eabi/13.3.1/../../../../arm-none-eabi/lib/thumb/v8-m.main+fp/hard\libc_nano.a(libc_a-findfp.o) (__sread)
C:/ST/STM32CubeIDE_1.19.0/STM32CubeIDE/plugins/com.st.stm32cube.ide.mcu.externaltools.gnu-tools-for-stm32.13.3.rel1.win32_1.0.0.202411081344/tools/bin/../lib/gcc/arm-none-eabi/13.3.1/../../../../arm-none-eabi/lib/thumb/v8-m.main+fp/hard\libc_nano.a(libc_a-memset.o)
                              C:/ST/STM32CubeIDE_1.19.0/STM32CubeIDE/plugins/com.st.stm32cube.ide.mcu.externaltools.gnu-tools-for-stm32.13.3.rel1.win32_1.0.0.202411081344/tools/bin/../lib/gcc/arm-none-eabi/13.3.1/../../../../arm-none-eabi/lib/thumb/v8-m.main+fp/hard/crt0.o (memset)
C:/ST/STM32CubeIDE_1.19.0/STM32CubeIDE/plugins/com.st.stm32cube.ide.mcu.externaltools.gnu-tools-for-stm32.13.3.rel1.win32_1.0.0.202411081344/tools/bin/../lib/gcc/arm-none-eabi/13.3.1/../../../../arm-none-eabi/lib/thumb/v8-m.main+fp/hard\libc_nano.a(libc_a-closer.o)
                              C:/ST/STM32CubeIDE_1.19.0/STM32CubeIDE/plugins/com.st.stm32cube.ide.mcu.externaltools.gnu-tools-for-stm32.13.3.rel1.win32_1.0.0.202411081344/tools/bin/../lib/gcc/arm-none-eabi/13.3.1/../../../../arm-none-eabi/lib/thumb/v8-m.main+fp/hard\libc_nano.a(libc_a-stdio.o) (_close_r)
C:/ST/STM32CubeIDE_1.19.0/STM32CubeIDE/plugins/com.st.stm32cube.ide.mcu.externaltools.gnu-tools-for-stm32.13.3.rel1.win32_1.0.0.202411081344/tools/bin/../lib/gcc/arm-none-eabi/13.3.1/../../../../arm-none-eabi/lib/thumb/v8-m.main+fp/hard\libc_nano.a(libc_a-reent.o)
                              C:/ST/STM32CubeIDE_1.19.0/STM32CubeIDE/plugins/com.st.stm32cube.ide.mcu.externaltools.gnu-tools-for-stm32.13.3.rel1.win32_1.0.0.202411081344/tools/bin/../lib/gcc/arm-none-eabi/13.3.1/../../../../arm-none-eabi/lib/thumb/v8-m.main+fp/hard\libc_nano.a(libc_a-closer.o) (errno)
C:/ST/STM32CubeIDE_1.19.0/STM32CubeIDE/plugins/com.st.stm32cube.ide.mcu.externaltools.gnu-tools-for-stm32.13.3.rel1.win32_1.0.0.202411081344/tools/bin/../lib/gcc/arm-none-eabi/13.3.1/../../../../arm-none-eabi/lib/thumb/v8-m.main+fp/hard\libc_nano.a(libc_a-impure.o)
                              C:/ST/STM32CubeIDE_1.19.0/STM32CubeIDE/plugins/com.st.stm32cube.ide.mcu.externaltools.gnu-tools-for-stm32.13.3.rel1.win32_1.0.0.202411081344/tools/bin/../lib/gcc/arm-none-eabi/13.3.1/../../../../arm-none-eabi/lib/thumb/v8-m.main+fp/hard\libc_nano.a(libc_a-reent.o) (_impure_ptr)
C:/ST/STM32CubeIDE_1.19.0/STM32CubeIDE/plugins/com.st.stm32cube.ide.mcu.externaltools.gnu-tools-for-stm32.13.3.rel1.win32_1.0.0.202411081344/tools/bin/../lib/gcc/arm-none-eabi/13.3.1/../../../../arm-none-eabi/lib/thumb/v8-m.main+fp/hard\libc_nano.a(libc_a-lseekr.o)
[...]
Memory Configuration

Name             Origin             Length             Attributes
RAM              0x20000000         0x00020000         xrw
FLASH            0x08000000         0x00100000         xr
*default*        0x00000000         0xffffffff

Linker script and memory map

LOAD C:/ST/STM32CubeIDE_1.19.0/STM32CubeIDE/plugins/com.st.stm32cube.ide.mcu.externaltools.gnu-tools-for-stm32.13.3.rel1.win32_1.0.0.202411081344/tools/bin/../lib/gcc/arm-none-eabi/13.3.1/thumb/v8-m.main+fp/hard/crti.o
LOAD C:/ST/STM32CubeIDE_1.19.0/STM32CubeIDE/plugins/com.st.stm32cube.ide.mcu.externaltools.gnu-tools-for-stm32.13.3.rel1.win32_1.0.0.202411081344/tools/bin/../lib/gcc/arm-none-eabi/13.3.1/thumb/v8-m.main+fp/hard/crtbegin.o
LOAD C:/ST/STM32CubeIDE_1.19.0/STM32CubeIDE/plugins/com.st.stm32cube.ide.mcu.externaltools.gnu-tools-for-stm32.13.3.rel1.win32_1.0.0.202411081344/tools/bin/../lib/gcc/arm-none-eabi/13.3.1/../../../../arm-none-eabi/lib/thumb/v8-m.main+fp/hard/crt0.o
LOAD ./Core/Src/main.o
LOAD ./Core/Src/stm32wbaxx_hal_msp.o
LOAD ./Core/Src/stm32wbaxx_it.o
LOAD ./Core/Src/syscalls.o
LOAD ./Core/Src/sysmem.o
LOAD ./Core/Src/system_stm32wbaxx.o
LOAD ./Core/Startup/startup_stm32wba52cgux.o
LOAD ./Drivers/STM32WBAxx_HAL_Driver/Src/stm32wbaxx_hal.o
LOAD ./Drivers/STM32WBAxx_HAL_Driver/Src/stm32wbaxx_hal_cortex.o
LOAD ./Drivers/STM32WBAxx_HAL_Driver/Src/stm32wbaxx_hal_dma.o
LOAD ./Drivers/STM32WBAxx_HAL_Driver/Src/stm32wbaxx_hal_dma_ex.o
LOAD ./Drivers/STM32WBAxx_HAL_Driver/Src/stm32wbaxx_hal_exti.o
LOAD ./Drivers/STM32WBAxx_HAL_Driver/Src/stm32wbaxx_hal_flash.o
LOAD ./Drivers/STM32WBAxx_HAL_Driver/Src/stm32wbaxx_hal_flash_ex.o
LOAD ./Drivers/STM32WBAxx_HAL_Driver/Src/stm32wbaxx_hal_gpio.o
LOAD ./Drivers/STM32WBAxx_HAL_Driver/Src/stm32wbaxx_hal_icache.o
LOAD ./Drivers/STM32WBAxx_HAL_Driver/Src/stm32wbaxx_hal_pwr.o
LOAD ./Drivers/STM32WBAxx_HAL_Driver/Src/stm32wbaxx_hal_pwr_ex.o
LOAD ./Drivers/STM32WBAxx_HAL_Driver/Src/stm32wbaxx_hal_rcc.o
LOAD ./Drivers/STM32WBAxx_HAL_Driver/Src/stm32wbaxx_hal_rcc_ex.o
LOAD ./Drivers/STM32WBAxx_HAL_Driver/Src/stm32wbaxx_hal_tim.o
LOAD ./Drivers/STM32WBAxx_HAL_Driver/Src/stm32wbaxx_hal_tim_ex.o
START GROUP
LOAD C:/ST/STM32CubeIDE_1.19.0/STM32CubeIDE/plugins/com.st.stm32cube.ide.mcu.externaltools.gnu-tools-for-stm32.13.3.rel1.win32_1.0.0.202411081344/tools/bin/../lib/gcc/arm-none-eabi/13.3.1/../../../../arm-none-eabi/lib/thumb/v8-m.main+fp/hard\libc_nano.a
LOAD C:/ST/STM32CubeIDE_1.19.0/STM32CubeIDE/plugins/com.st.stm32cube.ide.mcu.externaltools.gnu-tools-for-stm32.13.3.rel1.win32_1.0.0.202411081344/tools/bin/../lib/gcc/arm-none-eabi/13.3.1/../../../../arm-none-eabi/lib/thumb/v8-m.main+fp/hard\libm.a
END GROUP
START GROUP
LOAD C:/ST/STM32CubeIDE_1.19.0/STM32CubeIDE/plugins/com.st.stm32cube.ide.mcu.externaltools.gnu-tools-for-stm32.13.3.rel1.win32_1.0.0.202411081344/tools/bin/../lib/gcc/arm-none-eabi/13.3.1/thumb/v8-m.main+fp/hard\libgcc.a
LOAD C:/ST/STM32CubeIDE_1.19.0/STM32CubeIDE/plugins/com.st.stm32cube.ide.mcu.externaltools.gnu-tools-for-stm32.13.3.rel1.win32_1.0.0.202411081344/tools/bin/../lib/gcc/arm-none-eabi/13.3.1/../../../../arm-none-eabi/lib/thumb/v8-m.main+fp/hard\libc_nano.a
END GROUP
START GROUP
LOAD C:/ST/STM32CubeIDE_1.19.0/STM32CubeIDE/plugins/com.st.stm32cube.ide.mcu.externaltools.gnu-tools-for-stm32.13.3.rel1.win32_1.0.0.202411081344/tools/bin/../lib/gcc/arm-none-eabi/13.3.1/thumb/v8-m.main+fp/hard\libgcc.a
LOAD C:/ST/STM32CubeIDE_1.19.0/STM32CubeIDE/plugins/com.st.stm32cube.ide.mcu.externaltools.gnu-tools-for-stm32.13.3.rel1.win32_1.0.0.202411081344/tools/bin/../lib/gcc/arm-none-eabi/13.3.1/../../../../arm-none-eabi/lib/thumb/v8-m.main+fp/hard\libc_nano.a
LOAD C:/ST/STM32CubeIDE_1.19.0/STM32CubeIDE/plugins/com.st.stm32cube.ide.mcu.externaltools.gnu-tools-for-stm32.13.3.rel1.win32_1.0.0.202411081344/tools/bin/../lib/gcc/arm-none-eabi/13.3.1/../../../../arm-none-eabi/lib/thumb/v8-m.main+fp/hard\libnosys.a
END GROUP
START GROUP
LOAD C:/ST/STM32CubeIDE_1.19.0/STM32CubeIDE/plugins/com.st.stm32cube.ide.mcu.externaltools.gnu-tools-for-stm32.13.3.rel1.win32_1.0.0.202411081344/tools/bin/../lib/gcc/arm-none-eabi/13.3.1/thumb/v8-m.main+fp/hard\libgcc.a
LOAD C:/ST/STM32CubeIDE_1.19.0/STM32CubeIDE/plugins/com.st.stm32cube.ide.mcu.externaltools.gnu-tools-for-stm32.13.3.rel1.win32_1.0.0.202411081344/tools/bin/../lib/gcc/arm-none-eabi/13.3.1/../../../../arm-none-eabi/lib/thumb/v8-m.main+fp/hard\libc_nano.a
LOAD C:/ST/STM32CubeIDE_1.19.0/STM32CubeIDE/plugins/com.st.stm32cube.ide.mcu.externaltools.gnu-tools-for-stm32.13.3.rel1.win32_1.0.0.202411081344/tools/bin/../lib/gcc/arm-none-eabi/13.3.1/../../../../arm-none-eabi/lib/thumb/v8-m.main+fp/hard\libnosys.a
END GROUP
LOAD C:/ST/STM32CubeIDE_1.19.0/STM32CubeIDE/plugins/com.st.stm32cube.ide.mcu.externaltools.gnu-tools-for-stm32.13.3.rel1.win32_1.0.0.202411081344/tools/bin/../lib/gcc/arm-none-eabi/13.3.1/thumb/v8-m.main+fp/hard/crtend.o
LOAD C:/ST/STM32CubeIDE_1.19.0/STM32CubeIDE/plugins/com.st.stm32cube.ide.mcu.externaltools.gnu-tools-for-stm32.13.3.rel1.win32_1.0.0.202411081344/tools/bin/../lib/gcc/arm-none-eabi/13.3.1/thumb/v8-m.main+fp/hard/crtn.o
                0x20020000                        _estack = (ORIGIN (RAM) + LENGTH (RAM))
                0x00000200                        _Min_Heap_Size = 0x200
                0x00000400                        _Min_Stack_Size = 0x400

.isr_vector     0x08000000      0x15c
                0x08000000                        . = ALIGN (0x4)
 *(.isr_vector)
 .isr_vector    0x08000000      0x15c ./Core/Startup/startup_stm32wba52cgux.o
                0x08000000                g_pfnVectors
                0x0800015c                        . = ALIGN (0x4)

.text           0x0800015c     0x2f38
                0x0800015c                        . = ALIGN (0x4)
 *(.text)
 .text          0x0800015c       0x40 C:/ST/STM32CubeIDE_1.19.0/STM32CubeIDE/plugins/com.st.stm32cube.ide.mcu.externaltools.gnu-tools-for-stm32.13.3.rel1.win32_1.0.0.202411081344/tools/bin/../lib/gcc/arm-none-eabi/13.3.1/thumb/v8-m.main+fp/hard/crtbegin.o
 *(.text*)
 .text.HAL_GPIO_EXTI_Rising_Callback
                0x0800019c       0x34 ./Core/Src/main.o
                0x0800019c                HAL_GPIO_EXTI_Rising_Callback
 .text.HAL_TIM_OC_DelayElapsedCallback
                0x080001d0       0x38 ./Core/Src/main.o
                0x080001d0                HAL_TIM_OC_DelayElapsedCallback
 .text.HAL_TIM_PeriodElapsedCallback
                0x08000208       0x40 ./Core/Src/main.o
                0x08000208                HAL_TIM_PeriodElapsedCallback
 .text.main     0x08000248       0x2c ./Core/Src/main.o
                0x08000248                main
 .text.SystemClock_Config
                0x08000274       0x94 ./Core/Src/main.o
                0x08000274                SystemClock_Config
 .text.MX_ICACHE_Init
                0x08000308       0x26 ./Core/Src/main.o
 *fill*         0x0800032e        0x2 
 .text.MX_TIM1_Init
                0x08000330      0x124 ./Core/Src/main.o
 .text.MX_GPIO_Init
                0x08000454      0x15c ./Core/Src/main.o
 .text.Error_Handler
                0x080005b0        0xc ./Core/Src/main.o
                0x080005b0                Error_Handler
 .text.HAL_MspInit
                0x080005bc       0x34 ./Core/Src/stm32wbaxx_hal_msp.o
                0x080005bc                HAL_MspInit
 .text.HAL_TIM_OC_MspInit
                0x080005f0       0x80 ./Core/Src/stm32wbaxx_hal_msp.o
                0x080005f0                HAL_TIM_OC_MspInit
 .text.NMI_Handler
                0x08000670        0x8 ./Core/Src/stm32wbaxx_it.o
                0x08000670                NMI_Handler
 .text.HardFault_Handler
                0x08000678        0x8 ./Core/Src/stm32wbaxx_it.o
                0x08000678                HardFault_Handler
 .text.MemManage_Handler
                0x08000680        0x8 ./Core/Src/stm32wbaxx_it.o
                0x08000680                MemManage_Handler
 .text.BusFault_Handler
                0x08000688        0x8 ./Core/Src/stm32wbaxx_it.o
                0x08000688                BusFault_Handler
 .text.UsageFault_Handler
                0x08000690        0x8 ./Core/Src/stm32wbaxx_it.o
                0x08000690                UsageFault_Handler
 .text.SVC_Handler
                0x08000698        0xe ./Core/Src/stm32wbaxx_it.o
                0x08000698                SVC_Handler
 .text.DebugMon_Handler
                0x080006a6        0xe ./Core/Src/stm32wbaxx_it.o
                0x080006a6                DebugMon_Handler
 .text.PendSV_Handler
                0x080006b4        0xe ./Core/Src/stm32wbaxx_it.o
                0x080006b4                PendSV_Handler
 .text.SysTick_Handler
                0x080006c2        0xc ./Core/Src/stm32wbaxx_it.o
                0x080006c2                SysTick_Handler
 .text.EXTI6_IRQHandler
                0x080006ce        0xe ./Core/Src/stm32wbaxx_it.o
                0x080006ce                EXTI6_IRQHandler
 .text.EXTI7_IRQHandler
                0x080006dc        0xe ./Core/Src/stm32wbaxx_it.o
                0x080006dc                EXTI7_IRQHandler
 .text.EXTI13_IRQHandler
                0x080006ea       0x10 ./Core/Src/stm32wbaxx_it.o
                0x080006ea                EXTI13_IRQHandler
 *fill*         0x080006fa        0x2 
 .text.TIM1_BRK_IRQHandler
                0x080006fc       0x14 ./Core/Src/stm32wbaxx_it.o
                0x080006fc                TIM1_BRK_IRQHandler
 .text.TIM1_UP_IRQHandler
                0x08000710       0x14 ./Core/Src/stm32wbaxx_it.o
                0x08000710                TIM1_UP_IRQHandler
 .text.TIM1_TRG_COM_IRQHandler
                0x08000724       0x14 ./Core/Src/stm32wbaxx_it.o
                0x08000724                TIM1_TRG_COM_IRQHandler
 .text.TIM1_CC_IRQHandler
                0x08000738       0x14 ./Core/Src/stm32wbaxx_it.o
                0x08000738                TIM1_CC_IRQHandler
 .text.SystemInit
                0x0800074c       0x2c ./Core/Src/system_stm32wbaxx.o
                0x0800074c                SystemInit
 .text.SystemCoreClockUpdate
                0x08000778      0x15c ./Core/Src/system_stm32wbaxx.o
                0x08000778                SystemCoreClockUpdate
 .text.Reset_Handler
                0x080008d4       0x50 ./Core/Startup/startup_stm32wba52cgux.o
                0x080008d4                Reset_Handler
 .text.Default_Handler
                0x08000924        0x2 ./Core/Startup/startup_stm32wba52cgux.o
                0x08000924                EXTI2_IRQHandler
                0x08000924                EXTI5_IRQHandler
                0x08000924                FLASH_S_IRQHandler
                0x08000924                TSC_IRQHandler
                0x08000924                TAMP_IRQHandler
                0x08000924                EXTI12_IRQHandler
                0x08000924                PVD_IRQHandler
                0x08000924                EXTI3_IRQHandler
                0x08000924                GPDMA1_Channel5_IRQHandler
                0x08000924                RADIO_IRQHandler
                0x08000924                EXTI8_IRQHandler
                0x08000924                LPTIM2_IRQHandler
                0x08000924                I2C3_ER_IRQHandler
                0x08000924                EXTI0_IRQHandler
                0x08000924                FPU_IRQHandler
                0x08000924                GPDMA1_Channel3_IRQHandler
                0x08000924                GPDMA1_Channel7_IRQHandler
                0x08000924                RAMCFG_IRQHandler
                0x08000924                SPI1_IRQHandler
                0x08000924                GPDMA1_Channel2_IRQHandler
                0x08000924                RCC_S_IRQHandler
                0x08000924                PKA_IRQHandler
                0x08000924                EXTI15_IRQHandler
                0x08000924                TIM17_IRQHandler
                0x08000924                WKUP_IRQHandler
                0x08000924                RTC_IRQHandler
                0x08000924                EXTI9_IRQHandler
                0x08000924                I2C1_EV_IRQHandler
                0x08000924                GPDMA1_Channel1_IRQHandler
                0x08000924                TIM16_IRQHandler
                0x08000924                SecureFault_Handler
                0x08000924                TIM3_IRQHandler
                0x08000924                RCC_IRQHandler
                0x08000924                Default_Handler
                0x08000924                SAES_IRQHandler
                0x08000924                GPDMA1_Channel0_IRQHandler
                0x08000924                I2C3_EV_IRQHandler
                0x08000924                WKUP_S_IRQHandler
                0x08000924                EXTI14_IRQHandler
                0x08000924                EXTI11_IRQHandler
                0x08000924                EXTI4_IRQHandler
                0x08000924                RTC_S_IRQHandler
                0x08000924                RNG_IRQHandler
                0x08000924                HSEM_S_IRQHandler
                0x08000924                HSEM_IRQHandler
                0x08000924                ADC4_IRQHandler
                0x08000924                WWDG_IRQHandler
                0x08000924                IWDG_IRQHandler
                0x08000924                LPUART1_IRQHandler
                0x08000924                TIM2_IRQHandler
                0x08000924                GPDMA1_Channel4_IRQHandler
                0x08000924                EXTI1_IRQHandler
                0x08000924                AES_IRQHandler
                0x08000924                GTZC_IRQHandler
                0x08000924                USART2_IRQHandler
                0x08000924                GPDMA1_Channel6_IRQHandler
                0x08000924                FLASH_IRQHandler
                0x08000924                USART1_IRQHandler
                0x08000924                EXTI10_IRQHandler
                0x08000924                SPI3_IRQHandler
                0x08000924                I2C1_ER_IRQHandler
                0x08000924                LPTIM1_IRQHandler
                0x08000924                ICACHE_IRQHandler
                0x08000924                HASH_IRQHandler
 *fill*         0x08000926        0x2 
 .text.HAL_Init
                0x08000928       0x40 ./Drivers/STM32WBAxx_HAL_Driver/Src/stm32wbaxx_hal.o
                0x08000928                HAL_Init
 .text.HAL_InitTick
                0x08000968       0xfc ./Drivers/STM32WBAxx_HAL_Driver/Src/stm32wbaxx_hal.o
                0x08000968                HAL_InitTick
 .text.HAL_IncTick
                0x08000a64       0x28 ./Drivers/STM32WBAxx_HAL_Driver/Src/stm32wbaxx_hal.o
                0x08000a64                HAL_IncTick
 .text.HAL_GetTick
                0x08000a8c       0x18 ./Drivers/STM32WBAxx_HAL_Driver/Src/stm32wbaxx_hal.o
                0x08000a8c                HAL_GetTick
 .text.__NVIC_SetPriorityGrouping
                0x08000aa4       0x48 ./Drivers/STM32WBAxx_HAL_Driver/Src/stm32wbaxx_hal_cortex.o
 .text.__NVIC_GetPriorityGrouping
                0x08000aec       0x1c ./Drivers/STM32WBAxx_HAL_Driver/Src/stm32wbaxx_hal_cortex.o
 .text.__NVIC_EnableIRQ
                0x08000b08       0x3c ./Drivers/STM32WBAxx_HAL_Driver/Src/stm32wbaxx_hal_cortex.o
 .text.__NVIC_SetPriority
                0x08000b44       0x54 ./Drivers/STM32WBAxx_HAL_Driver/Src/stm32wbaxx_hal_cortex.o
 .text.NVIC_EncodePriority
                0x08000b98       0x66 ./Drivers/STM32WBAxx_HAL_Driver/Src/stm32wbaxx_hal_cortex.o
 .text.HAL_NVIC_SetPriorityGrouping
                0x08000bfe       0x16 ./Drivers/STM32WBAxx_HAL_Driver/Src/stm32wbaxx_hal_cortex.o
                0x08000bfe                HAL_NVIC_SetPriorityGrouping
 .text.HAL_NVIC_SetPriority
                0x08000c14       0x3a ./Drivers/STM32WBAxx_HAL_Driver/Src/stm32wbaxx_hal_cortex.o
                0x08000c14                HAL_NVIC_SetPriority
 .text.HAL_NVIC_EnableIRQ
                0x08000c4e       0x1c ./Drivers/STM32WBAxx_HAL_Driver/Src/stm32wbaxx_hal_cortex.o
                0x08000c4e                HAL_NVIC_EnableIRQ
 *fill*         0x08000c6a        0x2 
 .text.HAL_SYSTICK_Config
                0x08000c6c       0x44 ./Drivers/STM32WBAxx_HAL_Driver/Src/stm32wbaxx_hal_cortex.o
                0x08000c6c                HAL_SYSTICK_Config
 .text.HAL_SYSTICK_CLKSourceConfig
                0x08000cb0       0xb0 ./Drivers/STM32WBAxx_HAL_Driver/Src/stm32wbaxx_hal_cortex.o
                0x08000cb0                HAL_SYSTICK_CLKSourceConfig
 .text.HAL_GPIO_Init
                0x08000d60      0x2ac ./Drivers/STM32WBAxx_HAL_Driver/Src/stm32wbaxx_hal_gpio.o
                0x08000d60                HAL_GPIO_Init
 .text.HAL_GPIO_WritePin
                0x0800100c       0x30 ./Drivers/STM32WBAxx_HAL_Driver/Src/stm32wbaxx_hal_gpio.o
                0x0800100c                HAL_GPIO_WritePin
 .text.HAL_GPIO_EXTI_IRQHandler
                0x0800103c       0x4c ./Drivers/STM32WBAxx_HAL_Driver/Src/stm32wbaxx_hal_gpio.o
                0x0800103c                HAL_GPIO_EXTI_IRQHandler
 .text.HAL_GPIO_EXTI_Falling_Callback
                0x08001088       0x16 ./Drivers/STM32WBAxx_HAL_Driver/Src/stm32wbaxx_hal_gpio.o
                0x08001088                HAL_GPIO_EXTI_Falling_Callback
 *fill*         0x0800109e        0x2 
 .text.HAL_ICACHE_ConfigAssociativityMode
                0x080010a0       0x40 ./Drivers/STM32WBAxx_HAL_Driver/Src/stm32wbaxx_hal_icache.o
                0x080010a0                HAL_ICACHE_ConfigAssociativityMode
 .text.HAL_ICACHE_Enable
                0x080010e0       0x20 ./Drivers/STM32WBAxx_HAL_Driver/Src/stm32wbaxx_hal_icache.o
                0x080010e0                HAL_ICACHE_Enable
 .text.HAL_PWREx_ControlVoltageScaling
                0x08001100       0xbc ./Drivers/STM32WBAxx_HAL_Driver/Src/stm32wbaxx_hal_pwr_ex.o
                0x08001100                HAL_PWREx_ControlVoltageScaling
 .text.HAL_RCC_OscConfig
                0x080011bc      0x820 ./Drivers/STM32WBAxx_HAL_Driver/Src/stm32wbaxx_hal_rcc.o
                0x080011bc                HAL_RCC_OscConfig
 .text.HAL_RCC_ClockConfig
                0x080019dc      0x25c ./Drivers/STM32WBAxx_HAL_Driver/Src/stm32wbaxx_hal_rcc.o
                0x080019dc                HAL_RCC_ClockConfig
 .text.HAL_RCC_GetSysClockFreq
                0x08001c38       0x54 ./Drivers/STM32WBAxx_HAL_Driver/Src/stm32wbaxx_hal_rcc.o
                0x08001c38                HAL_RCC_GetSysClockFreq
 .text.HAL_RCC_GetPLL1RFreq
                0x08001c8c       0x38 ./Drivers/STM32WBAxx_HAL_Driver/Src/stm32wbaxx_hal_rcc.o
                0x08001c8c                HAL_RCC_GetPLL1RFreq
 .text.RCC_PLL1_GetVCOOutputFreq
                0x08001cc4       0xf0 ./Drivers/STM32WBAxx_HAL_Driver/Src/stm32wbaxx_hal_rcc.o
 .text.HAL_TIM_Base_Start_IT
                0x08001db4       0xa8 ./Drivers/STM32WBAxx_HAL_Driver/Src/stm32wbaxx_hal_tim.o
                0x08001db4                HAL_TIM_Base_Start_IT
 .text.HAL_TIM_Base_Stop_IT
                0x08001e5c       0x60 ./Drivers/STM32WBAxx_HAL_Driver/Src/stm32wbaxx_hal_tim.o
                0x08001e5c                HAL_TIM_Base_Stop_IT
 .text.HAL_TIM_OC_Init
                0x08001ebc       0xae ./Drivers/STM32WBAxx_HAL_Driver/Src/stm32wbaxx_hal_tim.o
                0x08001ebc                HAL_TIM_OC_Init
 *fill*         0x08001f6a        0x2 
 .text.HAL_TIM_OC_Start_IT
                0x08001f6c      0x25c ./Drivers/STM32WBAxx_HAL_Driver/Src/stm32wbaxx_hal_tim.o
                0x08001f6c                HAL_TIM_OC_Start_IT
 .text.HAL_TIM_OC_Stop_IT
                0x080021c8      0x1ac ./Drivers/STM32WBAxx_HAL_Driver/Src/stm32wbaxx_hal_tim.o
                0x080021c8                HAL_TIM_OC_Stop_IT
 .text.HAL_TIM_IRQHandler
                0x08002374      0x29e ./Drivers/STM32WBAxx_HAL_Driver/Src/stm32wbaxx_hal_tim.o
                0x08002374                HAL_TIM_IRQHandler
 *fill*         0x08002612        0x2 
 .text.HAL_TIM_OC_ConfigChannel
                0x08002614       0xf4 ./Drivers/STM32WBAxx_HAL_Driver/Src/stm32wbaxx_hal_tim.o
                0x08002614                HAL_TIM_OC_ConfigChannel
 .text.HAL_TIM_IC_CaptureCallback
                0x08002708       0x14 ./Drivers/STM32WBAxx_HAL_Driver/Src/stm32wbaxx_hal_tim.o
                0x08002708                HAL_TIM_IC_CaptureCallback
 .text.HAL_TIM_PWM_PulseFinishedCallback
                0x0800271c       0x14 ./Drivers/STM32WBAxx_HAL_Driver/Src/stm32wbaxx_hal_tim.o
                0x0800271c                HAL_TIM_PWM_PulseFinishedCallback
 .text.HAL_TIM_TriggerCallback
                0x08002730       0x14 ./Drivers/STM32WBAxx_HAL_Driver/Src/stm32wbaxx_hal_tim.o
                0x08002730                HAL_TIM_TriggerCallback
 .text.TIM_Base_SetConfig
                0x08002744       0xe8 ./Drivers/STM32WBAxx_HAL_Driver/Src/stm32wbaxx_hal_tim.o
                0x08002744                TIM_Base_SetConfig
 .text.TIM_OC1_SetConfig
                0x0800282c       0xfc ./Drivers/STM32WBAxx_HAL_Driver/Src/stm32wbaxx_hal_tim.o
 .text.TIM_OC2_SetConfig
                0x08002928       0xf8 ./Drivers/STM32WBAxx_HAL_Driver/Src/stm32wbaxx_hal_tim.o
                0x08002928                TIM_OC2_SetConfig
 .text.TIM_OC3_SetConfig
                0x08002a20       0xf4 ./Drivers/STM32WBAxx_HAL_Driver/Src/stm32wbaxx_hal_tim.o
 .text.TIM_OC4_SetConfig
                0x08002b14       0xf8 ./Drivers/STM32WBAxx_HAL_Driver/Src/stm32wbaxx_hal_tim.o
 .text.TIM_OC5_SetConfig
                0x08002c0c       0xb0 ./Drivers/STM32WBAxx_HAL_Driver/Src/stm32wbaxx_hal_tim.o
 .text.TIM_OC6_SetConfig
                0x08002cbc       0xb4 ./Drivers/STM32WBAxx_HAL_Driver/Src/stm32wbaxx_hal_tim.o
 .text.TIM_CCxChannelCmd
                0x08002d70       0x4a ./Drivers/STM32WBAxx_HAL_Driver/Src/stm32wbaxx_hal_tim.o
                0x08002d70                TIM_CCxChannelCmd
 *fill*         0x08002dba        0x2 
 .text.HAL_TIMEx_MasterConfigSynchronization
                0x08002dbc       0xd0 ./Drivers/STM32WBAxx_HAL_Driver/Src/stm32wbaxx_hal_tim_ex.o
                0x08002dbc                HAL_TIMEx_MasterConfigSynchronization
 .text.HAL_TIMEx_ConfigBreakDeadTime
                0x08002e8c      0x10c ./Drivers/STM32WBAxx_HAL_Driver/Src/stm32wbaxx_hal_tim_ex.o
                0x08002e8c                HAL_TIMEx_ConfigBreakDeadTime
 .text.HAL_TIMEx_CommutCallback
                0x08002f98       0x14 ./Drivers/STM32WBAxx_HAL_Driver/Src/stm32wbaxx_hal_tim_ex.o
                0x08002f98                HAL_TIMEx_CommutCallback
 .text.HAL_TIMEx_BreakCallback
                0x08002fac       0x14 ./Drivers/STM32WBAxx_HAL_Driver/Src/stm32wbaxx_hal_tim_ex.o
                0x08002fac                HAL_TIMEx_BreakCallback
 .text.HAL_TIMEx_Break2Callback
                0x08002fc0       0x14 ./Drivers/STM32WBAxx_HAL_Driver/Src/stm32wbaxx_hal_tim_ex.o
                0x08002fc0                HAL_TIMEx_Break2Callback
 .text.HAL_TIMEx_EncoderIndexCallback
                0x08002fd4       0x14 ./Drivers/STM32WBAxx_HAL_Driver/Src/stm32wbaxx_hal_tim_ex.o
                0x08002fd4                HAL_TIMEx_EncoderIndexCallback
 .text.HAL_TIMEx_DirectionChangeCallback
                0x08002fe8       0x14 ./Drivers/STM32WBAxx_HAL_Driver/Src/stm32wbaxx_hal_tim_ex.o
                0x08002fe8                HAL_TIMEx_DirectionChangeCallback
 .text.HAL_TIMEx_IndexErrorCallback
                0x08002ffc       0x14 ./Drivers/STM32WBAxx_HAL_Driver/Src/stm32wbaxx_hal_tim_ex.o
                0x08002ffc                HAL_TIMEx_IndexErrorCallback
 .text.HAL_TIMEx_TransitionErrorCallback
                0x08003010       0x14 ./Drivers/STM32WBAxx_HAL_Driver/Src/stm32wbaxx_hal_tim_ex.o
                0x08003010                HAL_TIMEx_TransitionErrorCallback
 .text.memset   0x08003024       0x10 C:/ST/STM32CubeIDE_1.19.0/STM32CubeIDE/plugins/com.st.stm32cube.ide.mcu.externaltools.gnu-tools-for-stm32.13.3.rel1.win32_1.0.0.202411081344/tools/bin/../lib/gcc/arm-none-eabi/13.3.1/../../../../arm-none-eabi/lib/thumb/v8-m.main+fp/hard\libc_nano.a(libc_a-memset.o)
                0x08003024                memset
 .text.__libc_init_array
                0x08003034       0x48 C:/ST/STM32CubeIDE_1.19.0/STM32CubeIDE/plugins/com.st.stm32cube.ide.mcu.externaltools.gnu-tools-for-stm32.13.3.rel1.win32_1.0.0.202411081344/tools/bin/../lib/gcc/arm-none-eabi/13.3.1/../../../../arm-none-eabi/lib/thumb/v8-m.main+fp/hard\libc_nano.a(libc_a-init.o)
                0x08003034                __libc_init_array
 *(.glue_7)
 .glue_7        0x0800307c        0x0 linker stubs
 *(.glue_7t)
 .glue_7t       0x0800307c        0x0 linker stubs
 *(.eh_frame)
 .eh_frame      0x0800307c        0x0 C:/ST/STM32CubeIDE_1.19.0/STM32CubeIDE/plugins/com.st.stm32cube.ide.mcu.externaltools.gnu-tools-for-stm32.13.3.rel1.win32_1.0.0.202411081344/tools/bin/../lib/gcc/arm-none-eabi/13.3.1/thumb/v8-m.main+fp/hard/crtbegin.o
 *(.init)
 .init          0x0800307c        0x4 C:/ST/STM32CubeIDE_1.19.0/STM32CubeIDE/plugins/com.st.stm32cube.ide.mcu.externaltools.gnu-tools-for-stm32.13.3.rel1.win32_1.0.0.202411081344/tools/bin/../lib/gcc/arm-none-eabi/13.3.1/thumb/v8-m.main+fp/hard/crti.o
                0x0800307c                _init
 .init          0x08003080        0x8 C:/ST/STM32CubeIDE_1.19.0/STM32CubeIDE/plugins/com.st.stm32cube.ide.mcu.externaltools.gnu-tools-for-stm32.13.3.rel1.win32_1.0.0.202411081344/tools/bin/../lib/gcc/arm-none-eabi/13.3.1/thumb/v8-m.main+fp/hard/crtn.o
 *(.fini)
 .fini          0x08003088        0x4 C:/ST/STM32CubeIDE_1.19.0/STM32CubeIDE/plugins/com.st.stm32cube.ide.mcu.externaltools.gnu-tools-for-stm32.13.3.rel1.win32_1.0.0.202411081344/tools/bin/../lib/gcc/arm-none-eabi/13.3.1/thumb/v8-m.main+fp/hard/crti.o
                0x08003088                _fini
 .fini          0x0800308c        0x8 C:/ST/STM32CubeIDE_1.19.0/STM32CubeIDE/plugins/com.st.stm32cube.ide.mcu.externaltools.gnu-tools-for-stm32.13.3.rel1.win32_1.0.0.202411081344/tools/bin/../lib/gcc/arm-none-eabi/13.3.1/thumb/v8-m.main+fp/hard/crtn.o
                0x08003094                        . = ALIGN (0x4)
                0x08003094                        _etext = .

.vfp11_veneer   0x08003094        0x0
 .vfp11_veneer  0x08003094        0x0 linker stubs

.v4_bx          0x08003094        0x0
 .v4_bx         0x08003094        0x0 linker stubs

.iplt           0x08003094        0x0
 .iplt          0x08003094        0x0 C:/ST/STM32CubeIDE_1.19.0/STM32CubeIDE/plugins/com.st.stm32cube.ide.mcu.externaltools.gnu-tools-for-stm32.13.3.rel1.win32_1.0.0.202411081344/tools/bin/../lib/gcc/arm-none-eabi/13.3.1/thumb/v8-m.main+fp/hard/crtbegin.o

.rodata         0x08003094        0x8
                0x08003094                        . = ALIGN (0x4)
 *(.rodata)
 *(.rodata*)
 .rodata.AHBPrescTable
                0x08003094        0x8 ./Core/Src/system_stm32wbaxx.o
                0x08003094                AHBPrescTable
                0x0800309c                        . = ALIGN (0x4)

.ARM.extab      0x0800309c        0x0
                0x0800309c                        . = ALIGN (0x4)
 *(.ARM.extab* .gnu.linkonce.armextab.*)
                0x0800309c                        . = ALIGN (0x4)

.ARM            0x0800309c        0x0
                0x0800309c                        . = ALIGN (0x4)
                0x0800309c                        __exidx_start = .
 *(.ARM.exidx*)
                0x0800309c                        __exidx_end = .
                0x0800309c                        . = ALIGN (0x4)

.preinit_array  0x0800309c        0x0
                0x0800309c                        . = ALIGN (0x4)
                0x0800309c                        PROVIDE (__preinit_array_start = .)
 *(.preinit_array*)
                0x0800309c                        PROVIDE (__preinit_array_end = .)
                0x0800309c                        . = ALIGN (0x4)

.init_array     0x0800309c        0x4
                0x0800309c                        . = ALIGN (0x4)
                0x0800309c                        PROVIDE (__init_array_start = .)
 *(SORT_BY_NAME(.init_array.*))
 *(.init_array*)
 .init_array    0x0800309c        0x4 C:/ST/STM32CubeIDE_1.19.0/STM32CubeIDE/plugins/com.st.stm32cube.ide.mcu.externaltools.gnu-tools-for-stm32.13.3.rel1.win32_1.0.0.202411081344/tools/bin/../lib/gcc/arm-none-eabi/13.3.1/thumb/v8-m.main+fp/hard/crtbegin.o
                0x080030a0                        PROVIDE (__init_array_end = .)
                0x080030a0                        . = ALIGN (0x4)

.fini_array     0x080030a0        0x4
                0x080030a0                        . = ALIGN (0x4)
                [!provide]                        PROVIDE (__fini_array_start = .)
 *(SORT_BY_NAME(.fini_array.*))
 *(.fini_array*)
 .fini_array    0x080030a0        0x4 C:/ST/STM32CubeIDE_1.19.0/STM32CubeIDE/plugins/com.st.stm32cube.ide.mcu.externaltools.gnu-tools-for-stm32.13.3.rel1.win32_1.0.0.202411081344/tools/bin/../lib/gcc/arm-none-eabi/13.3.1/thumb/v8-m.main+fp/hard/crtbegin.o
                [!provide]                        PROVIDE (__fini_array_end = .)
                0x080030a4                        . = ALIGN (0x4)
                0x080030a4                        _sidata = LOADADDR (.data)

.rel.dyn        0x080030a4        0x0
 .rel.iplt      0x080030a4        0x0 C:/ST/STM32CubeIDE_1.19.0/STM32CubeIDE/plugins/com.st.stm32cube.ide.mcu.externaltools.gnu-tools-for-stm32.13.3.rel1.win32_1.0.0.202411081344/tools/bin/../lib/gcc/arm-none-eabi/13.3.1/thumb/v8-m.main+fp/hard/crtbegin.o

.data           0x20000000        0xc load address 0x080030a4
                0x20000000                        . = ALIGN (0x4)
                0x20000000                        _sdata = .
 *(.data)
 *(.data*)
 .data.SystemCoreClock
                0x20000000        0x4 ./Core/Src/system_stm32wbaxx.o
                0x20000000                SystemCoreClock
 .data.uwTickPrio
                0x20000004        0x4 ./Drivers/STM32WBAxx_HAL_Driver/Src/stm32wbaxx_hal.o
                0x20000004                uwTickPrio
 .data.uwTickFreq
                0x20000008        0x1 ./Drivers/STM32WBAxx_HAL_Driver/Src/stm32wbaxx_hal.o
                0x20000008                uwTickFreq
 *(.RamFunc)
 *(.RamFunc*)
                0x2000000c                        . = ALIGN (0x4)
 *fill*         0x20000009        0x3 
                0x2000000c                        _edata = .

.igot.plt       0x2000000c        0x0 load address 0x080030b0
 .igot.plt      0x2000000c        0x0 C:/ST/STM32CubeIDE_1.19.0/STM32CubeIDE/plugins/com.st.stm32cube.ide.mcu.externaltools.gnu-tools-for-stm32.13.3.rel1.win32_1.0.0.202411081344/tools/bin/../lib/gcc/arm-none-eabi/13.3.1/thumb/v8-m.main+fp/hard/crtbegin.o
                0x2000000c                        . = ALIGN (0x4)

.bss            0x2000000c       0x6c load address 0x080030b0
                0x2000000c                        _sbss = .
                0x2000000c                        __bss_start__ = _sbss
 *(.bss)
 .bss           0x2000000c       0x1c C:/ST/STM32CubeIDE_1.19.0/STM32CubeIDE/plugins/com.st.stm32cube.ide.mcu.externaltools.gnu-tools-for-stm32.13.3.rel1.win32_1.0.0.202411081344/tools/bin/../lib/gcc/arm-none-eabi/13.3.1/thumb/v8-m.main+fp/hard/crtbegin.o
 *(.bss*)
 .bss.htim1     0x20000028       0x4c ./Core/Src/main.o
                0x20000028                htim1
 .bss.uwTick    0x20000074        0x4 ./Drivers/STM32WBAxx_HAL_Driver/Src/stm32wbaxx_hal.o
                0x20000074                uwTick
 *(COMMON)
                0x20000078                        . = ALIGN (0x4)
                0x20000078                        _ebss = .
                0x20000078                        __bss_end__ = _ebss

._user_heap_stack
                0x20000078      0x600 load address 0x080030b0
                0x20000078                        . = ALIGN (0x8)
                [!provide]                        PROVIDE (end = .)
                0x20000078                        PROVIDE (_end = .)
                0x20000278                        . = (. + _Min_Heap_Size)
 *fill*         0x20000078      0x200 
                0x20000678                        . = (. + _Min_Stack_Size)
 *fill*         0x20000278      0x400 
                0x20000678                        . = ALIGN (0x8)

/DISCARD/
 libc.a(*)
 libm.a(*)
 libgcc.a(*)

.ARM.attributes
                0x00000000       0x36
 *(.ARM.attributes)
 .ARM.attributes
                0x00000000       0x26 C:/ST/STM32CubeIDE_1.19.0/STM32CubeIDE/plugins/com.st.stm32cube.ide.mcu.externaltools.gnu-tools-for-stm32.13.3.rel1.win32_1.0.0.202411081344/tools/bin/../lib/gcc/arm-none-eabi/13.3.1/thumb/v8-m.main+fp/hard/crti.o
 .ARM.attributes
                0x00000026       0x38 C:/ST/STM32CubeIDE_1.19.0/STM32CubeIDE/plugins/com.st.stm32cube.ide.mcu.externaltools.gnu-tools-for-stm32.13.3.rel1.win32_1.0.0.202411081344/tools/bin/../lib/gcc/arm-none-eabi/13.3.1/thumb/v8-m.main+fp/hard/crtbegin.o
 .ARM.attributes
                0x0000005e       0x3a ./Core/Src/main.o
 .ARM.attributes
                0x00000098       0x3a ./Core/Src/stm32wbaxx_hal_msp.o
 .ARM.attributes
                0x000000d2       0x3a ./Core/Src/stm32wbaxx_it.o
 .ARM.attributes
                0x0000010c       0x3a ./Core/Src/system_stm32wbaxx.o
 .ARM.attributes
                0x00000146       0x24 ./Core/Startup/startup_stm32wba52cgux.o
 .ARM.attributes
                0x0000016a       0x3a ./Drivers/STM32WBAxx_HAL_Driver/Src/stm32wbaxx_hal.o
 .ARM.attributes
                0x000001a4       0x3a ./Drivers/STM32WBAxx_HAL_Driver/Src/stm32wbaxx_hal_cortex.o
 .ARM.attributes
                0x000001de       0x3a ./Drivers/STM32WBAxx_HAL_Driver/Src/stm32wbaxx_hal_gpio.o
 .ARM.attributes
                0x00000218       0x3a ./Drivers/STM32WBAxx_HAL_Driver/Src/stm32wbaxx_hal_icache.o
 .ARM.attributes
                0x00000252       0x3a ./Drivers/STM32WBAxx_HAL_Driver/Src/stm32wbaxx_hal_pwr_ex.o
 .ARM.attributes
                0x0000028c       0x3a ./Drivers/STM32WBAxx_HAL_Driver/Src/stm32wbaxx_hal_rcc.o
 .ARM.attributes
                0x000002c6       0x3a ./Drivers/STM32WBAxx_HAL_Driver/Src/stm32wbaxx_hal_tim.o
 .ARM.attributes
                0x00000300       0x3a ./Drivers/STM32WBAxx_HAL_Driver/Src/stm32wbaxx_hal_tim_ex.o
 .ARM.attributes
                0x0000033a       0x38 C:/ST/STM32CubeIDE_1.19.0/STM32CubeIDE/plugins/com.st.stm32cube.ide.mcu.externaltools.gnu-tools-for-stm32.13.3.rel1.win32_1.0.0.202411081344/tools/bin/../lib/gcc/arm-none-eabi/13.3.1/../../../../arm-none-eabi/lib/thumb/v8-m.main+fp/hard\libc_nano.a(libc_a-memset.o)
 .ARM.attributes
                0x00000372       0x38 C:/ST/STM32CubeIDE_1.19.0/STM32CubeIDE/plugins/com.st.stm32cube.ide.mcu.externaltools.gnu-tools-for-stm32.13.3.rel1.win32_1.0.0.202411081344/tools/bin/../lib/gcc/arm-none-eabi/13.3.1/../../../../arm-none-eabi/lib/thumb/v8-m.main+fp/hard\libc_nano.a(libc_a-init.o)
 .ARM.attributes
                0x000003aa       0x26 C:/ST/STM32CubeIDE_1.19.0/STM32CubeIDE/plugins/com.st.stm32cube.ide.mcu.externaltools.gnu-tools-for-stm32.13.3.rel1.win32_1.0.0.202411081344/tools/bin/../lib/gcc/arm-none-eabi/13.3.1/thumb/v8-m.main+fp/hard/crtn.o
OUTPUT(labx3_4.elf elf32-littlearm)
LOAD linker stubs
LOAD C:/ST/STM32CubeIDE_1.19.0/STM32CubeIDE/plugins/com.st.stm32cube.ide.mcu.externaltools.gnu-tools-for-stm32.13.3.rel1.win32_1.0.0.202411081344/tools/bin/../lib/gcc/arm-none-eabi/13.3.1/../../../../arm-none-eabi/lib/thumb/v8-m.main+fp/hard\libc.a
LOAD C:/ST/STM32CubeIDE_1.19.0/STM32CubeIDE/plugins/com.st.stm32cube.ide.mcu.externaltools.gnu-tools-for-stm32.13.3.rel1.win32_1.0.0.202411081344/tools/bin/../lib/gcc/arm-none-eabi/13.3.1/../../../../arm-none-eabi/lib/thumb/v8-m.main+fp/hard\libm.a
LOAD C:/ST/STM32CubeIDE_1.19.0/STM32CubeIDE/plugins/com.st.stm32cube.ide.mcu.externaltools.gnu-tools-for-stm32.13.3.rel1.win32_1.0.0.202411081344/tools/bin/../lib/gcc/arm-none-eabi/13.3.1/thumb/v8-m.main+fp/hard\libgcc.a

.debug_info     0x00000000     0xcbe4
 .debug_info    0x00000000     0x1694 ./Core/Src/main.o
 .debug_info    0x00001694      0xef3 ./Core/Src/stm32wbaxx_hal_msp.o
 .debug_info    0x00002587      0x9ee ./Core/Src/stm32wbaxx_it.o
 .debug_info    0x00002f75      0x917 ./Core/Src/system_stm32wbaxx.o
 .debug_info    0x0000388c       0x30 ./Core/Startup/startup_stm32wba52cgux.o
 .debug_info    0x000038bc     0x10b2 ./Drivers/STM32WBAxx_HAL_Driver/Src/stm32wbaxx_hal.o
 .debug_info    0x0000496e     0x14ed ./Drivers/STM32WBAxx_HAL_Driver/Src/stm32wbaxx_hal_cortex.o
 .debug_info    0x00005e5b      0x5b6 ./Drivers/STM32WBAxx_HAL_Driver/Src/stm32wbaxx_hal_gpio.o
 .debug_info    0x00006411      0x4d6 ./Drivers/STM32WBAxx_HAL_Driver/Src/stm32wbaxx_hal_icache.o
 .debug_info    0x000068e7      0x5b6 ./Drivers/STM32WBAxx_HAL_Driver/Src/stm32wbaxx_hal_pwr_ex.o
 .debug_info    0x00006e9d     0x1083 ./Drivers/STM32WBAxx_HAL_Driver/Src/stm32wbaxx_hal_rcc.o
 .debug_info    0x00007f20     0x2e37 ./Drivers/STM32WBAxx_HAL_Driver/Src/stm32wbaxx_hal_tim.o
 .debug_info    0x0000ad57     0x1e8d ./Drivers/STM32WBAxx_HAL_Driver/Src/stm32wbaxx_hal_tim_ex.o

.debug_abbrev   0x00000000     0x1c62
 .debug_abbrev  0x00000000      0x301 ./Core/Src/main.o
 .debug_abbrev  0x00000301      0x1d9 ./Core/Src/stm32wbaxx_hal_msp.o
 .debug_abbrev  0x000004da      0x1df ./Core/Src/stm32wbaxx_it.o
 .debug_abbrev  0x000006b9      0x11e ./Core/Src/system_stm32wbaxx.o
 .debug_abbrev  0x000007d7       0x24 ./Core/Startup/startup_stm32wba52cgux.o
 .debug_abbrev  0x000007fb      0x32e ./Drivers/STM32WBAxx_HAL_Driver/Src/stm32wbaxx_hal.o
 .debug_abbrev  0x00000b29      0x328 ./Drivers/STM32WBAxx_HAL_Driver/Src/stm32wbaxx_hal_cortex.o
 .debug_abbrev  0x00000e51      0x1ca ./Drivers/STM32WBAxx_HAL_Driver/Src/stm32wbaxx_hal_gpio.o
 .debug_abbrev  0x0000101b      0x228 ./Drivers/STM32WBAxx_HAL_Driver/Src/stm32wbaxx_hal_icache.o
 .debug_abbrev  0x00001243      0x1bf ./Drivers/STM32WBAxx_HAL_Driver/Src/stm32wbaxx_hal_pwr_ex.o
 .debug_abbrev  0x00001402      0x2dc ./Drivers/STM32WBAxx_HAL_Driver/Src/stm32wbaxx_hal_rcc.o
 .debug_abbrev  0x000016de      0x2bd ./Drivers/STM32WBAxx_HAL_Driver/Src/stm32wbaxx_hal_tim.o
 .debug_abbrev  0x0000199b      0x2c7 ./Drivers/STM32WBAxx_HAL_Driver/Src/stm32wbaxx_hal_tim_ex.o

.debug_aranges  0x00000000      0xcc0
 .debug_aranges
                0x00000000       0x60 ./Core/Src/main.o
 .debug_aranges
                0x00000060       0x30 ./Core/Src/stm32wbaxx_hal_msp.o
 .debug_aranges
                0x00000090       0x98 ./Core/Src/stm32wbaxx_it.o
 .debug_aranges
                0x00000128       0x28 ./Core/Src/system_stm32wbaxx.o
 .debug_aranges
                0x00000150       0x28 ./Core/Startup/startup_stm32wba52cgux.o
 .debug_aranges
                0x00000178      0x130 ./Drivers/STM32WBAxx_HAL_Driver/Src/stm32wbaxx_hal.o
 .debug_aranges
                0x000002a8      0x140 ./Drivers/STM32WBAxx_HAL_Driver/Src/stm32wbaxx_hal_cortex.o
 .debug_aranges
                0x000003e8       0x68 ./Drivers/STM32WBAxx_HAL_Driver/Src/stm32wbaxx_hal_gpio.o
 .debug_aranges
                0x00000450       0xa8 ./Drivers/STM32WBAxx_HAL_Driver/Src/stm32wbaxx_hal_icache.o
 .debug_aranges
                0x000004f8       0xd8 ./Drivers/STM32WBAxx_HAL_Driver/Src/stm32wbaxx_hal_pwr_ex.o
 .debug_aranges
                0x000005d0       0xc8 ./Drivers/STM32WBAxx_HAL_Driver/Src/stm32wbaxx_hal_rcc.o
 .debug_aranges
                0x00000698      0x3e8 ./Drivers/STM32WBAxx_HAL_Driver/Src/stm32wbaxx_hal_tim.o
 .debug_aranges
                0x00000a80      0x240 ./Drivers/STM32WBAxx_HAL_Driver/Src/stm32wbaxx_hal_tim_ex.o

.debug_rnglists
                0x00000000      0x9cf
 .debug_rnglists
                0x00000000       0x46 ./Core/Src/main.o
 .debug_rnglists
                0x00000046       0x20 ./Core/Src/stm32wbaxx_hal_msp.o
 .debug_rnglists
                0x00000066       0x6d ./Core/Src/stm32wbaxx_it.o
 .debug_rnglists
                0x000000d3       0x1a ./Core/Src/system_stm32wbaxx.o
 .debug_rnglists
                0x000000ed       0x19 ./Core/Startup/startup_stm32wba52cgux.o
 .debug_rnglists
                0x00000106       0xe3 ./Drivers/STM32WBAxx_HAL_Driver/Src/stm32wbaxx_hal.o
 .debug_rnglists
                0x000001e9       0xec ./Drivers/STM32WBAxx_HAL_Driver/Src/stm32wbaxx_hal_cortex.o
 .debug_rnglists
                0x000002d5       0x4b ./Drivers/STM32WBAxx_HAL_Driver/Src/stm32wbaxx_hal_gpio.o
 .debug_rnglists
                0x00000320       0x7a ./Drivers/STM32WBAxx_HAL_Driver/Src/stm32wbaxx_hal_icache.o
 .debug_rnglists
                0x0000039a       0xa1 ./Drivers/STM32WBAxx_HAL_Driver/Src/stm32wbaxx_hal_pwr_ex.o
 .debug_rnglists
                0x0000043b       0x97 ./Drivers/STM32WBAxx_HAL_Driver/Src/stm32wbaxx_hal_rcc.o
 .debug_rnglists
                0x000004d2      0x332 ./Drivers/STM32WBAxx_HAL_Driver/Src/stm32wbaxx_hal_tim.o
 .debug_rnglists
                0x00000804      0x1cb ./Drivers/STM32WBAxx_HAL_Driver/Src/stm32wbaxx_hal_tim_ex.o

.debug_macro    0x00000000    0x2106b
 .debug_macro   0x00000000      0x281 ./Core/Src/main.o
 .debug_macro   0x00000281      0xade ./Core/Src/main.o
 .debug_macro   0x00000d5f      0x134 ./Core/Src/main.o
 .debug_macro   0x00000e93       0x2e ./Core/Src/main.o
 .debug_macro   0x00000ec1       0x42 ./Core/Src/main.o
 .debug_macro   0x00000f03       0x22 ./Core/Src/main.o
 .debug_macro   0x00000f25       0x8e ./Core/Src/main.o
 .debug_macro   0x00000fb3       0x51 ./Core/Src/main.o
 .debug_macro   0x00001004      0x103 ./Core/Src/main.o
 .debug_macro   0x00001107       0x6a ./Core/Src/main.o
 .debug_macro   0x00001171      0x1df ./Core/Src/main.o
 .debug_macro   0x00001350       0x1c ./Core/Src/main.o
 .debug_macro   0x0000136c       0x29 ./Core/Src/main.o
 .debug_macro   0x00001395       0xfb ./Core/Src/main.o
 .debug_macro   0x00001490     0x1685 ./Core/Src/main.o
 .debug_macro   0x00002b15       0x5e ./Core/Src/main.o
 .debug_macro   0x00002b73    0x140d0 ./Core/Src/main.o
 .debug_macro   0x00016c43       0x6d ./Core/Src/main.o
 .debug_macro   0x00016cb0     0x34e1 ./Core/Src/main.o
 .debug_macro   0x0001a191      0x190 ./Core/Src/main.o
 .debug_macro   0x0001a321       0x61 ./Core/Src/main.o
 .debug_macro   0x0001a382       0x2a ./Core/Src/main.o
 .debug_macro   0x0001a3ac       0x43 ./Core/Src/main.o
 .debug_macro   0x0001a3ef       0x34 ./Core/Src/main.o
 .debug_macro   0x0001a423      0x370 ./Core/Src/main.o
 .debug_macro   0x0001a793       0x16 ./Core/Src/main.o
 .debug_macro   0x0001a7a9       0x4a ./Core/Src/main.o
 .debug_macro   0x0001a7f3       0x34 ./Core/Src/main.o
 .debug_macro   0x0001a827       0x10 ./Core/Src/main.o
 .debug_macro   0x0001a837       0x58 ./Core/Src/main.o
 .debug_macro   0x0001a88f       0x8e ./Core/Src/main.o
 .debug_macro   0x0001a91d       0x1c ./Core/Src/main.o
 .debug_macro   0x0001a939      0x185 ./Core/Src/main.o
 .debug_macro   0x0001aabe      0x19b ./Core/Src/main.o
 .debug_macro   0x0001ac59       0x5d ./Core/Src/main.o
 .debug_macro   0x0001acb6      0x361 ./Core/Src/main.o
 .debug_macro   0x0001b017      0x2aa ./Core/Src/main.o
 .debug_macro   0x0001b2c1       0xd6 ./Core/Src/main.o
 .debug_macro   0x0001b397      0x1ce ./Core/Src/main.o
 .debug_macro   0x0001b565      0x171 ./Core/Src/main.o
 .debug_macro   0x0001b6d6      0x383 ./Core/Src/main.o
 .debug_macro   0x0001ba59       0xd3 ./Core/Src/main.o
 .debug_macro   0x0001bb2c       0xf2 ./Core/Src/main.o
 .debug_macro   0x0001bc1e      0x1c8 ./Core/Src/main.o
 .debug_macro   0x0001bde6       0xf8 ./Core/Src/main.o
 .debug_macro   0x0001bede       0xc9 ./Core/Src/main.o
 .debug_macro   0x0001bfa7      0x462 ./Core/Src/main.o
 .debug_macro   0x0001c409      0x146 ./Core/Src/main.o
 .debug_macro   0x0001c54f      0x56f ./Core/Src/main.o
 .debug_macro   0x0001cabe      0xe3c ./Core/Src/main.o
 .debug_macro   0x0001d8fa      0x38a ./Core/Src/main.o
 .debug_macro   0x0001dc84      0xb7f ./Core/Src/main.o
 .debug_macro   0x0001e803      0x2ed ./Core/Src/main.o
 .debug_macro   0x0001eaf0      0x287 ./Core/Src/main.o
 .debug_macro   0x0001ed77       0x9a ./Core/Src/main.o
 .debug_macro   0x0001ee11      0x281 ./Core/Src/stm32wbaxx_hal_msp.o
 .debug_macro   0x0001f092      0x28b ./Core/Src/stm32wbaxx_it.o
 .debug_macro   0x0001f31d      0x278 ./Core/Src/system_stm32wbaxx.o
 .debug_macro   0x0001f595      0x13a ./Core/Src/system_stm32wbaxx.o
 .debug_macro   0x0001f6cf      0x569 ./Core/Src/system_stm32wbaxx.o
 .debug_macro   0x0001fc38      0x272 ./Drivers/STM32WBAxx_HAL_Driver/Src/stm32wbaxx_hal.o
 .debug_macro   0x0001feaa      0x272 ./Drivers/STM32WBAxx_HAL_Driver/Src/stm32wbaxx_hal_cortex.o
 .debug_macro   0x0002011c      0x279 ./Drivers/STM32WBAxx_HAL_Driver/Src/stm32wbaxx_hal_gpio.o
 .debug_macro   0x00020395      0x2a4 ./Drivers/STM32WBAxx_HAL_Driver/Src/stm32wbaxx_hal_icache.o
 .debug_macro   0x00020639      0x298 ./Drivers/STM32WBAxx_HAL_Driver/Src/stm32wbaxx_hal_pwr_ex.o
 .debug_macro   0x000208d1      0x2a8 ./Drivers/STM32WBAxx_HAL_Driver/Src/stm32wbaxx_hal_rcc.o
 .debug_macro   0x00020b79      0x27a ./Drivers/STM32WBAxx_HAL_Driver/Src/stm32wbaxx_hal_tim.o
 .debug_macro   0x00020df3      0x278 ./Drivers/STM32WBAxx_HAL_Driver/Src/stm32wbaxx_hal_tim_ex.o

.debug_line     0x00000000     0xdbec
 .debug_line    0x00000000      0xab1 ./Core/Src/main.o
 .debug_line    0x00000ab1      0x8d4 ./Core/Src/stm32wbaxx_hal_msp.o
 .debug_line    0x00001385      0x9e9 ./Core/Src/stm32wbaxx_it.o
 .debug_line    0x00001d6e      0x94b ./Core/Src/system_stm32wbaxx.o
 .debug_line    0x000026b9       0x79 ./Core/Startup/startup_stm32wba52cgux.o
 .debug_line    0x00002732      0xd8b ./Drivers/STM32WBAxx_HAL_Driver/Src/stm32wbaxx_hal.o
 .debug_line    0x000034bd      0xee7 ./Drivers/STM32WBAxx_HAL_Driver/Src/stm32wbaxx_hal_cortex.o
 .debug_line    0x000043a4      0xc5f ./Drivers/STM32WBAxx_HAL_Driver/Src/stm32wbaxx_hal_gpio.o
 .debug_line    0x00005003      0xb88 ./Drivers/STM32WBAxx_HAL_Driver/Src/stm32wbaxx_hal_icache.o
 .debug_line    0x00005b8b      0xca1 ./Drivers/STM32WBAxx_HAL_Driver/Src/stm32wbaxx_hal_pwr_ex.o
 .debug_line    0x0000682c     0x1416 ./Drivers/STM32WBAxx_HAL_Driver/Src/stm32wbaxx_hal_rcc.o
 .debug_line    0x00007c42     0x3fcb ./Drivers/STM32WBAxx_HAL_Driver/Src/stm32wbaxx_hal_tim.o
 .debug_line    0x0000bc0d     0x1fdf ./Drivers/STM32WBAxx_HAL_Driver/Src/stm32wbaxx_hal_tim_ex.o

.debug_str      0x00000000    0xd46b2
 .debug_str     0x00000000    0xd46b2 ./Core/Src/main.o
                              0xd16b5 (size before relaxing)
 .debug_str     0x000d46b2    0xd10d5 ./Core/Src/stm32wbaxx_hal_msp.o
 .debug_str     0x000d46b2    0xd0bd2 ./Core/Src/stm32wbaxx_it.o
 .debug_str     0x000d46b2    0xd050f ./Core/Src/system_stm32wbaxx.o
 .debug_str     0x000d46b2       0x6f ./Core/Startup/startup_stm32wba52cgux.o
 .debug_str     0x000d46b2    0xd0e2f ./Drivers/STM32WBAxx_HAL_Driver/Src/stm32wbaxx_hal.o
 .debug_str     0x000d46b2    0xd0e25 ./Drivers/STM32WBAxx_HAL_Driver/Src/stm32wbaxx_hal_cortex.o
 .debug_str     0x000d46b2    0xd03ba ./Drivers/STM32WBAxx_HAL_Driver/Src/stm32wbaxx_hal_gpio.o
 .debug_str     0x000d46b2    0xd0835 ./Drivers/STM32WBAxx_HAL_Driver/Src/stm32wbaxx_hal_icache.o
 .debug_str     0x000d46b2    0xd0713 ./Drivers/STM32WBAxx_HAL_Driver/Src/stm32wbaxx_hal_pwr_ex.o
 .debug_str     0x000d46b2    0xd0b93 ./Drivers/STM32WBAxx_HAL_Driver/Src/stm32wbaxx_hal_rcc.o
 .debug_str     0x000d46b2    0xd194b ./Drivers/STM32WBAxx_HAL_Driver/Src/stm32wbaxx_hal_tim.o
 .debug_str     0x000d46b2    0xd1576 ./Drivers/STM32WBAxx_HAL_Driver/Src/stm32wbaxx_hal_tim_ex.o

.comment        0x00000000       0x43
 .comment       0x00000000       0x43 ./Core/Src/main.o
                                 0x44 (size before relaxing)
 .comment       0x00000043       0x44 ./Core/Src/stm32wbaxx_hal_msp.o
 .comment       0x00000043       0x44 ./Core/Src/stm32wbaxx_it.o
 .comment       0x00000043       0x44 ./Core/Src/system_stm32wbaxx.o
 .comment       0x00000043       0x44 ./Drivers/STM32WBAxx_HAL_Driver/Src/stm32wbaxx_hal.o
 .comment       0x00000043       0x44 ./Drivers/STM32WBAxx_HAL_Driver/Src/stm32wbaxx_hal_cortex.o
 .comment       0x00000043       0x44 ./Drivers/STM32WBAxx_HAL_Driver/Src/stm32wbaxx_hal_gpio.o
 .comment       0x00000043       0x44 ./Drivers/STM32WBAxx_HAL_Driver/Src/stm32wbaxx_hal_icache.o
 .comment       0x00000043       0x44 ./Drivers/STM32WBAxx_HAL_Driver/Src/stm32wbaxx_hal_pwr_ex.o
 .comment       0x00000043       0x44 ./Drivers/STM32WBAxx_HAL_Driver/Src/stm32wbaxx_hal_rcc.o
 .comment       0x00000043       0x44 ./Drivers/STM32WBAxx_HAL_Driver/Src/stm32wbaxx_hal_tim.o
 .comment       0x00000043       0x44 ./Drivers/STM32WBAxx_HAL_Driver/Src/stm32wbaxx_hal_tim_ex.o

.debug_frame    0x00000000     0x359c
 .debug_frame   0x00000000      0x138 ./Core/Src/main.o
 .debug_frame   0x00000138       0x80 ./Core/Src/stm32wbaxx_hal_msp.o
 .debug_frame   0x000001b8      0x1c8 ./Core/Src/stm32wbaxx_it.o
 .debug_frame   0x00000380       0x58 ./Core/Src/system_stm32wbaxx.o
 .debug_frame   0x000003d8      0x4b4 ./Drivers/STM32WBAxx_HAL_Driver/Src/stm32wbaxx_hal.o
 .debug_frame   0x0000088c      0x560 ./Drivers/STM32WBAxx_HAL_Driver/Src/stm32wbaxx_hal_cortex.o
 .debug_frame   0x00000dec      0x19c ./Drivers/STM32WBAxx_HAL_Driver/Src/stm32wbaxx_hal_gpio.o
 .debug_frame   0x00000f88      0x298 ./Drivers/STM32WBAxx_HAL_Driver/Src/stm32wbaxx_hal_icache.o
 .debug_frame   0x00001220      0x368 ./Drivers/STM32WBAxx_HAL_Driver/Src/stm32wbaxx_hal_pwr_ex.o
 .debug_frame   0x00001588      0x318 ./Drivers/STM32WBAxx_HAL_Driver/Src/stm32wbaxx_hal_rcc.o
 .debug_frame   0x000018a0     0x1248 ./Drivers/STM32WBAxx_HAL_Driver/Src/stm32wbaxx_hal_tim.o
 .debug_frame   0x00002ae8      0xa68 ./Drivers/STM32WBAxx_HAL_Driver/Src/stm32wbaxx_hal_tim_ex.o
 .debug_frame   0x00003550       0x20 C:/ST/STM32CubeIDE_1.19.0/STM32CubeIDE/plugins/com.st.stm32cube.ide.mcu.externaltools.gnu-tools-for-stm32.13.3.rel1.win32_1.0.0.202411081344/tools/bin/../lib/gcc/arm-none-eabi/13.3.1/../../../../arm-none-eabi/lib/thumb/v8-m.main+fp/hard\libc_nano.a(libc_a-memset.o)
 .debug_frame   0x00003570       0x2c C:/ST/STM32CubeIDE_1.19.0/STM32CubeIDE/plugins/com.st.stm32cube.ide.mcu.externaltools.gnu-tools-for-stm32.13.3.rel1.win32_1.0.0.202411081344/tools/bin/../lib/gcc/arm-none-eabi/13.3.1/../../../../arm-none-eabi/lib/thumb/v8-m.main+fp/hard\libc_nano.a(libc_a-init.o)

.debug_line_str
                0x00000000       0x53
 .debug_line_str
                0x00000000       0x53 ./Core/Startup/startup_stm32wba52cgux.o
