../Core/Src/main.c:66:6:ADC2_Read_All	8	static
../Core/Src/main.c:87:6:ADC3_Read_Multi	8	static
../Core/Src/main.c:108:10:ADC3_Read	16	static
../Core/Src/main.c:117:10:ADC_To_mV	16	static
../Core/Src/main.c:122:10:ADC2_To_mV	16	static
../Core/Src/main.c:127:6:LED_Line_Update	16	static
../Core/Src/main.c:143:6:ADC_Send_UART	72	static
../Core/Src/main.c:158:7:Photo_CalcLux	40	static
../Core/Src/main.c:175:7:NTC_CalcTemp	56	static
../Core/Src/main.c:198:6:HAL_GPIO_EXTI_Callback	288	static
../Core/Src/main.c:228:5:main	16	static
../Core/Src/main.c:287:6:SystemClock_Config	96	static
../Core/Src/main.c:336:6:PeriphCommonClock_Config	144	static
../Core/Src/main.c:365:6:Error_Handler	4	static,ignoring_inline_asm
