../Core/Src/main.c:66:6:ADC2_Read_All	1
../Core/Src/main.c:87:6:ADC3_Read_Multi	1
../Core/Src/main.c:108:10:ADC3_Read	1
../Core/Src/main.c:117:10:ADC_To_mV	1
../Core/Src/main.c:122:10:ADC2_To_mV	1
../Core/Src/main.c:127:6:LED_Line_Update	4
../Core/Src/main.c:143:6:ADC_Send_UART	1
../Core/Src/main.c:158:7:Photo_CalcLux	2
../Core/Src/main.c:175:7:NTC_CalcTemp	2
../Core/Src/main.c:198:6:HAL_GPIO_EXTI_Callback	2
../Core/Src/main.c:228:5:main	1
../Core/Src/main.c:287:6:SystemClock_Config	4
../Core/Src/main.c:336:6:PeriphCommonClock_Config	2
../Core/Src/main.c:365:6:Error_Handler	1
