Archive member included to satisfy reference by file (symbol)

C:/ST/STM32CubeIDE_1.19.0/STM32CubeIDE/plugins/com.st.stm32cube.ide.mcu.externaltools.gnu-tools-for-stm32.13.3.rel1.win32_1.0.0.202411081344/tools/bin/../lib/gcc/arm-none-eabi/13.3.1/../../../../arm-none-eabi/lib/thumb/v7e-m+fp/hard\libc_nano.a(libc_a-exit.o)
                              C:/ST/STM32CubeIDE_1.19.0/STM32CubeIDE/plugins/com.st.stm32cube.ide.mcu.externaltools.gnu-tools-for-stm32.13.3.rel1.win32_1.0.0.202411081344/tools/bin/../lib/gcc/arm-none-eabi/13.3.1/../../../../arm-none-eabi/lib/thumb/v7e-m+fp/hard/crt0.o (exit)
C:/ST/STM32CubeIDE_1.19.0/STM32CubeIDE/plugins/com.st.stm32cube.ide.mcu.externaltools.gnu-tools-for-stm32.13.3.rel1.win32_1.0.0.202411081344/tools/bin/../lib/gcc/arm-none-eabi/13.3.1/../../../../arm-none-eabi/lib/thumb/v7e-m+fp/hard\libc_nano.a(libc_a-findfp.o)
                              C:/ST/STM32CubeIDE_1.19.0/STM32CubeIDE/plugins/com.st.stm32cube.ide.mcu.externaltools.gnu-tools-for-stm32.13.3.rel1.win32_1.0.0.202411081344/tools/bin/../lib/gcc/arm-none-eabi/13.3.1/../../../../arm-none-eabi/lib/thumb/v7e-m+fp/hard\libc_nano.a(libc_a-exit.o) (__stdio_exit_handler)
C:/ST/STM32CubeIDE_1.19.0/STM32CubeIDE/plugins/com.st.stm32cube.ide.mcu.externaltools.gnu-tools-for-stm32.13.3.rel1.win32_1.0.0.202411081344/tools/bin/../lib/gcc/arm-none-eabi/13.3.1/../../../../arm-none-eabi/lib/thumb/v7e-m+fp/hard\libc_nano.a(libc_a-fwalk.o)
                              C:/ST/STM32CubeIDE_1.19.0/STM32CubeIDE/plugins/com.st.stm32cube.ide.mcu.externaltools.gnu-tools-for-stm32.13.3.rel1.win32_1.0.0.202411081344/tools/bin/../lib/gcc/arm-none-eabi/13.3.1/../../../../arm-none-eabi/lib/thumb/v7e-m+fp/hard\libc_nano.a(libc_a-findfp.o) (_fwalk_sglue)
C:/ST/STM32CubeIDE_1.19.0/STM32CubeIDE/plugins/com.st.stm32cube.ide.mcu.externaltools.gnu-tools-for-stm32.13.3.rel1.win32_1.0.0.202411081344/tools/bin/../lib/gcc/arm-none-eabi/13.3.1/../../../../arm-none-eabi/lib/thumb/v7e-m+fp/hard\libc_nano.a(libc_a-stdio.o)
                              C:/ST/STM32CubeIDE_1.19.0/STM32CubeIDE/plugins/com.st.stm32cube.ide.mcu.externaltools.gnu-tools-for-stm32.13.3.rel1.win32_1.0.0.202411081344/tools/bin/../lib/gcc/arm-none-eabi/13.3.1/../../../../arm-none-eabi/lib/thumb/v7e-m+fp/hard\libc_nano.a(libc_a-findfp.o) (__sread)
C:/ST/STM32CubeIDE_1.19.0/STM32CubeIDE/plugins/com.st.stm32cube.ide.mcu.externaltools.gnu-tools-for-stm32.13.3.rel1.win32_1.0.0.202411081344/tools/bin/../lib/gcc/arm-none-eabi/13.3.1/../../../../arm-none-eabi/lib/thumb/v7e-m+fp/hard\libc_nano.a(libc_a-memset.o)
                              C:/ST/STM32CubeIDE_1.19.0/STM32CubeIDE/plugins/com.st.stm32cube.ide.mcu.externaltools.gnu-tools-for-stm32.13.3.rel1.win32_1.0.0.202411081344/tools/bin/../lib/gcc/arm-none-eabi/13.3.1/../../../../arm-none-eabi/lib/thumb/v7e-m+fp/hard/crt0.o (memset)
C:/ST/STM32CubeIDE_1.19.0/STM32CubeIDE/plugins/com.st.stm32cube.ide.mcu.externaltools.gnu-tools-for-stm32.13.3.rel1.win32_1.0.0.202411081344/tools/bin/../lib/gcc/arm-none-eabi/13.3.1/../../../../arm-none-eabi/lib/thumb/v7e-m+fp/hard\libc_nano.a(libc_a-closer.o)
                              C:/ST/STM32CubeIDE_1.19.0/STM32CubeIDE/plugins/com.st.stm32cube.ide.mcu.externaltools.gnu-tools-for-stm32.13.3.rel1.win32_1.0.0.202411081344/tools/bin/../lib/gcc/arm-none-eabi/13.3.1/../../../../arm-none-eabi/lib/thumb/v7e-m+fp/hard\libc_nano.a(libc_a-stdio.o) (_close_r)
C:/ST/STM32CubeIDE_1.19.0/STM32CubeIDE/plugins/com.st.stm32cube.ide.mcu.externaltools.gnu-tools-for-stm32.13.3.rel1.win32_1.0.0.202411081344/tools/bin/../lib/gcc/arm-none-eabi/13.3.1/../../../../arm-none-eabi/lib/thumb/v7e-m+fp/hard\libc_nano.a(libc_a-reent.o)
                              C:/ST/STM32CubeIDE_1.19.0/STM32CubeIDE/plugins/com.st.stm32cube.ide.mcu.externaltools.gnu-tools-for-stm32.13.3.rel1.win32_1.0.0.202411081344/tools/bin/../lib/gcc/arm-none-eabi/13.3.1/../../../../arm-none-eabi/lib/thumb/v7e-m+fp/hard\libc_nano.a(libc_a-closer.o) (errno)
C:/ST/STM32CubeIDE_1.19.0/STM32CubeIDE/plugins/com.st.stm32cube.ide.mcu.externaltools.gnu-tools-for-stm32.13.3.rel1.win32_1.0.0.202411081344/tools/bin/../lib/gcc/arm-none-eabi/13.3.1/../../../../arm-none-eabi/lib/thumb/v7e-m+fp/hard\libc_nano.a(libc_a-impure.o)
                              C:/ST/STM32CubeIDE_1.19.0/STM32CubeIDE/plugins/com.st.stm32cube.ide.mcu.externaltools.gnu-tools-for-stm32.13.3.rel1.win32_1.0.0.202411081344/tools/bin/../lib/gcc/arm-none-eabi/13.3.1/../../../../arm-none-eabi/lib/thumb/v7e-m+fp/hard\libc_nano.a(libc_a-reent.o) (_impure_ptr)
C:/ST/STM32CubeIDE_1.19.0/STM32CubeIDE/plugins/com.st.stm32cube.ide.mcu.externaltools.gnu-tools-for-stm32.13.3.rel1.win32_1.0.0.202411081344/tools/bin/../lib/gcc/arm-none-eabi/13.3.1/../../../../arm-none-eabi/lib/thumb/v7e-m+fp/hard\libc_nano.a(libc_a-lseekr.o)
[...]
Memory Configuration

Name             Origin             Length             Attributes
RAM              0x20000000         0x00050000         xrw
FLASH            0x08000000         0x00100000         xr
*default*        0x00000000         0xffffffff

Linker script and memory map

LOAD C:/ST/STM32CubeIDE_1.19.0/STM32CubeIDE/plugins/com.st.stm32cube.ide.mcu.externaltools.gnu-tools-for-stm32.13.3.rel1.win32_1.0.0.202411081344/tools/bin/../lib/gcc/arm-none-eabi/13.3.1/thumb/v7e-m+fp/hard/crti.o
LOAD C:/ST/STM32CubeIDE_1.19.0/STM32CubeIDE/plugins/com.st.stm32cube.ide.mcu.externaltools.gnu-tools-for-stm32.13.3.rel1.win32_1.0.0.202411081344/tools/bin/../lib/gcc/arm-none-eabi/13.3.1/thumb/v7e-m+fp/hard/crtbegin.o
LOAD C:/ST/STM32CubeIDE_1.19.0/STM32CubeIDE/plugins/com.st.stm32cube.ide.mcu.externaltools.gnu-tools-for-stm32.13.3.rel1.win32_1.0.0.202411081344/tools/bin/../lib/gcc/arm-none-eabi/13.3.1/../../../../arm-none-eabi/lib/thumb/v7e-m+fp/hard/crt0.o
LOAD ./Core/Src/main.o
LOAD ./Core/Src/stm32f7xx_hal_msp.o
LOAD ./Core/Src/stm32f7xx_it.o
LOAD ./Core/Src/syscalls.o
LOAD ./Core/Src/sysmem.o
LOAD ./Core/Src/system_stm32f7xx.o
LOAD ./Core/Startup/startup_stm32f746zgtx.o
LOAD ./Drivers/STM32F7xx_HAL_Driver/Src/stm32f7xx_hal.o
LOAD ./Drivers/STM32F7xx_HAL_Driver/Src/stm32f7xx_hal_cortex.o
LOAD ./Drivers/STM32F7xx_HAL_Driver/Src/stm32f7xx_hal_dma.o
LOAD ./Drivers/STM32F7xx_HAL_Driver/Src/stm32f7xx_hal_dma_ex.o
LOAD ./Drivers/STM32F7xx_HAL_Driver/Src/stm32f7xx_hal_eth.o
LOAD ./Drivers/STM32F7xx_HAL_Driver/Src/stm32f7xx_hal_exti.o
LOAD ./Drivers/STM32F7xx_HAL_Driver/Src/stm32f7xx_hal_flash.o
LOAD ./Drivers/STM32F7xx_HAL_Driver/Src/stm32f7xx_hal_flash_ex.o
LOAD ./Drivers/STM32F7xx_HAL_Driver/Src/stm32f7xx_hal_gpio.o
LOAD ./Drivers/STM32F7xx_HAL_Driver/Src/stm32f7xx_hal_i2c.o
LOAD ./Drivers/STM32F7xx_HAL_Driver/Src/stm32f7xx_hal_i2c_ex.o
LOAD ./Drivers/STM32F7xx_HAL_Driver/Src/stm32f7xx_hal_pcd.o
LOAD ./Drivers/STM32F7xx_HAL_Driver/Src/stm32f7xx_hal_pcd_ex.o
LOAD ./Drivers/STM32F7xx_HAL_Driver/Src/stm32f7xx_hal_pwr.o
LOAD ./Drivers/STM32F7xx_HAL_Driver/Src/stm32f7xx_hal_pwr_ex.o
LOAD ./Drivers/STM32F7xx_HAL_Driver/Src/stm32f7xx_hal_rcc.o
LOAD ./Drivers/STM32F7xx_HAL_Driver/Src/stm32f7xx_hal_rcc_ex.o
LOAD ./Drivers/STM32F7xx_HAL_Driver/Src/stm32f7xx_hal_tim.o
LOAD ./Drivers/STM32F7xx_HAL_Driver/Src/stm32f7xx_hal_tim_ex.o
LOAD ./Drivers/STM32F7xx_HAL_Driver/Src/stm32f7xx_hal_uart.o
LOAD ./Drivers/STM32F7xx_HAL_Driver/Src/stm32f7xx_hal_uart_ex.o
LOAD ./Drivers/STM32F7xx_HAL_Driver/Src/stm32f7xx_ll_usb.o
START GROUP
LOAD C:/ST/STM32CubeIDE_1.19.0/STM32CubeIDE/plugins/com.st.stm32cube.ide.mcu.externaltools.gnu-tools-for-stm32.13.3.rel1.win32_1.0.0.202411081344/tools/bin/../lib/gcc/arm-none-eabi/13.3.1/../../../../arm-none-eabi/lib/thumb/v7e-m+fp/hard\libc_nano.a
LOAD C:/ST/STM32CubeIDE_1.19.0/STM32CubeIDE/plugins/com.st.stm32cube.ide.mcu.externaltools.gnu-tools-for-stm32.13.3.rel1.win32_1.0.0.202411081344/tools/bin/../lib/gcc/arm-none-eabi/13.3.1/../../../../arm-none-eabi/lib/thumb/v7e-m+fp/hard\libm.a
END GROUP
START GROUP
LOAD C:/ST/STM32CubeIDE_1.19.0/STM32CubeIDE/plugins/com.st.stm32cube.ide.mcu.externaltools.gnu-tools-for-stm32.13.3.rel1.win32_1.0.0.202411081344/tools/bin/../lib/gcc/arm-none-eabi/13.3.1/thumb/v7e-m+fp/hard\libgcc.a
LOAD C:/ST/STM32CubeIDE_1.19.0/STM32CubeIDE/plugins/com.st.stm32cube.ide.mcu.externaltools.gnu-tools-for-stm32.13.3.rel1.win32_1.0.0.202411081344/tools/bin/../lib/gcc/arm-none-eabi/13.3.1/../../../../arm-none-eabi/lib/thumb/v7e-m+fp/hard\libc_nano.a
END GROUP
START GROUP
LOAD C:/ST/STM32CubeIDE_1.19.0/STM32CubeIDE/plugins/com.st.stm32cube.ide.mcu.externaltools.gnu-tools-for-stm32.13.3.rel1.win32_1.0.0.202411081344/tools/bin/../lib/gcc/arm-none-eabi/13.3.1/thumb/v7e-m+fp/hard\libgcc.a
LOAD C:/ST/STM32CubeIDE_1.19.0/STM32CubeIDE/plugins/com.st.stm32cube.ide.mcu.externaltools.gnu-tools-for-stm32.13.3.rel1.win32_1.0.0.202411081344/tools/bin/../lib/gcc/arm-none-eabi/13.3.1/../../../../arm-none-eabi/lib/thumb/v7e-m+fp/hard\libc_nano.a
LOAD C:/ST/STM32CubeIDE_1.19.0/STM32CubeIDE/plugins/com.st.stm32cube.ide.mcu.externaltools.gnu-tools-for-stm32.13.3.rel1.win32_1.0.0.202411081344/tools/bin/../lib/gcc/arm-none-eabi/13.3.1/../../../../arm-none-eabi/lib/thumb/v7e-m+fp/hard\libnosys.a
END GROUP
START GROUP
LOAD C:/ST/STM32CubeIDE_1.19.0/STM32CubeIDE/plugins/com.st.stm32cube.ide.mcu.externaltools.gnu-tools-for-stm32.13.3.rel1.win32_1.0.0.202411081344/tools/bin/../lib/gcc/arm-none-eabi/13.3.1/thumb/v7e-m+fp/hard\libgcc.a
LOAD C:/ST/STM32CubeIDE_1.19.0/STM32CubeIDE/plugins/com.st.stm32cube.ide.mcu.externaltools.gnu-tools-for-stm32.13.3.rel1.win32_1.0.0.202411081344/tools/bin/../lib/gcc/arm-none-eabi/13.3.1/../../../../arm-none-eabi/lib/thumb/v7e-m+fp/hard\libc_nano.a
LOAD C:/ST/STM32CubeIDE_1.19.0/STM32CubeIDE/plugins/com.st.stm32cube.ide.mcu.externaltools.gnu-tools-for-stm32.13.3.rel1.win32_1.0.0.202411081344/tools/bin/../lib/gcc/arm-none-eabi/13.3.1/../../../../arm-none-eabi/lib/thumb/v7e-m+fp/hard\libnosys.a
END GROUP
LOAD C:/ST/STM32CubeIDE_1.19.0/STM32CubeIDE/plugins/com.st.stm32cube.ide.mcu.externaltools.gnu-tools-for-stm32.13.3.rel1.win32_1.0.0.202411081344/tools/bin/../lib/gcc/arm-none-eabi/13.3.1/thumb/v7e-m+fp/hard/crtend.o
LOAD C:/ST/STM32CubeIDE_1.19.0/STM32CubeIDE/plugins/com.st.stm32cube.ide.mcu.externaltools.gnu-tools-for-stm32.13.3.rel1.win32_1.0.0.202411081344/tools/bin/../lib/gcc/arm-none-eabi/13.3.1/thumb/v7e-m+fp/hard/crtn.o
                0x20050000                        _estack = (ORIGIN (RAM) + LENGTH (RAM))
                0x00000200                        _Min_Heap_Size = 0x200
                0x00000400                        _Min_Stack_Size = 0x400

.isr_vector     0x08000000      0x1c8
                0x08000000                        . = ALIGN (0x4)
 *(.isr_vector)
 .isr_vector    0x08000000      0x1c8 ./Core/Startup/startup_stm32f746zgtx.o
                0x08000000                g_pfnVectors
                0x080001c8                        . = ALIGN (0x4)

.text           0x080001c8     0x5408
                0x080001c8                        . = ALIGN (0x4)
 *(.text)
 .text          0x080001c8       0x40 C:/ST/STM32CubeIDE_1.19.0/STM32CubeIDE/plugins/com.st.stm32cube.ide.mcu.externaltools.gnu-tools-for-stm32.13.3.rel1.win32_1.0.0.202411081344/tools/bin/../lib/gcc/arm-none-eabi/13.3.1/thumb/v7e-m+fp/hard/crtbegin.o
 .text          0x08000208       0x30 C:/ST/STM32CubeIDE_1.19.0/STM32CubeIDE/plugins/com.st.stm32cube.ide.mcu.externaltools.gnu-tools-for-stm32.13.3.rel1.win32_1.0.0.202411081344/tools/bin/../lib/gcc/arm-none-eabi/13.3.1/thumb/v7e-m+fp/hard\libgcc.a(_aeabi_uldivmod.o)
                0x08000208                __aeabi_uldivmod
 .text          0x08000238      0x2f8 C:/ST/STM32CubeIDE_1.19.0/STM32CubeIDE/plugins/com.st.stm32cube.ide.mcu.externaltools.gnu-tools-for-stm32.13.3.rel1.win32_1.0.0.202411081344/tools/bin/../lib/gcc/arm-none-eabi/13.3.1/thumb/v7e-m+fp/hard\libgcc.a(_udivmoddi4.o)
                0x08000238                __udivmoddi4
 .text          0x08000530        0x4 C:/ST/STM32CubeIDE_1.19.0/STM32CubeIDE/plugins/com.st.stm32cube.ide.mcu.externaltools.gnu-tools-for-stm32.13.3.rel1.win32_1.0.0.202411081344/tools/bin/../lib/gcc/arm-none-eabi/13.3.1/thumb/v7e-m+fp/hard\libgcc.a(_dvmd_tls.o)
                0x08000530                __aeabi_idiv0
                0x08000530                __aeabi_ldiv0
 *(.text*)
 .text.HAL_GPIO_EXTI_Callback
                0x08000534       0x94 ./Core/Src/main.o
                0x08000534                HAL_GPIO_EXTI_Callback
 .text.HAL_TIM_PeriodElapsedCallback
                0x080005c8       0x54 ./Core/Src/main.o
                0x080005c8                HAL_TIM_PeriodElapsedCallback
 .text.key_pooling.1
                0x0800061c       0x6a ./Core/Src/main.o
 *fill*         0x08000686        0x2 
 .text.main     0x08000688       0x9c ./Core/Src/main.o
                0x08000688                main
 .text.handle_led_buttons.0
                0x08000724       0x52 ./Core/Src/main.o
 *fill*         0x08000776        0x2 
 .text.SystemClock_Config
                0x08000778       0xd0 ./Core/Src/main.o
                0x08000778                SystemClock_Config
 .text.MX_ETH_Init
                0x08000848       0x9c ./Core/Src/main.o
 .text.MX_I2C1_Init
                0x080008e4       0x80 ./Core/Src/main.o
 .text.MX_TIM3_Init
                0x08000964       0xec ./Core/Src/main.o
 .text.MX_USART3_UART_Init
                0x08000a50       0x60 ./Core/Src/main.o
 .text.MX_USB_OTG_FS_PCD_Init
                0x08000ab0       0x5c ./Core/Src/main.o
 .text.MX_GPIO_Init
                0x08000b0c      0x1c8 ./Core/Src/main.o
 .text.Error_Handler
                0x08000cd4        0xc ./Core/Src/main.o
                0x08000cd4                Error_Handler
 .text.HAL_MspInit
                0x08000ce0       0x48 ./Core/Src/stm32f7xx_hal_msp.o
                0x08000ce0                HAL_MspInit
 .text.HAL_ETH_MspInit
                0x08000d28      0x170 ./Core/Src/stm32f7xx_hal_msp.o
                0x08000d28                HAL_ETH_MspInit
 .text.HAL_I2C_MspInit
                0x08000e98       0xc0 ./Core/Src/stm32f7xx_hal_msp.o
                0x08000e98                HAL_I2C_MspInit
 .text.HAL_TIM_Base_MspInit
                0x08000f58       0x4c ./Core/Src/stm32f7xx_hal_msp.o
                0x08000f58                HAL_TIM_Base_MspInit
 .text.HAL_UART_MspInit
                0x08000fa4       0xc0 ./Core/Src/stm32f7xx_hal_msp.o
                0x08000fa4                HAL_UART_MspInit
 .text.HAL_PCD_MspInit
                0x08001064       0xf4 ./Core/Src/stm32f7xx_hal_msp.o
                0x08001064                HAL_PCD_MspInit
 .text.NMI_Handler
                0x08001158        0x8 ./Core/Src/stm32f7xx_it.o
                0x08001158                NMI_Handler
 .text.HardFault_Handler
                0x08001160        0x8 ./Core/Src/stm32f7xx_it.o
                0x08001160                HardFault_Handler
 .text.MemManage_Handler
                0x08001168        0x8 ./Core/Src/stm32f7xx_it.o
                0x08001168                MemManage_Handler
 .text.BusFault_Handler
                0x08001170        0x8 ./Core/Src/stm32f7xx_it.o
                0x08001170                BusFault_Handler
 .text.UsageFault_Handler
                0x08001178        0x8 ./Core/Src/stm32f7xx_it.o
                0x08001178                UsageFault_Handler
 .text.SVC_Handler
                0x08001180        0xe ./Core/Src/stm32f7xx_it.o
                0x08001180                SVC_Handler
 .text.DebugMon_Handler
                0x0800118e        0xe ./Core/Src/stm32f7xx_it.o
                0x0800118e                DebugMon_Handler
 .text.PendSV_Handler
                0x0800119c        0xe ./Core/Src/stm32f7xx_it.o
                0x0800119c                PendSV_Handler
 .text.SysTick_Handler
                0x080011aa        0xc ./Core/Src/stm32f7xx_it.o
                0x080011aa                SysTick_Handler
 .text.EXTI3_IRQHandler
                0x080011b6        0xe ./Core/Src/stm32f7xx_it.o
                0x080011b6                EXTI3_IRQHandler
 .text.TIM3_IRQHandler
                0x080011c4       0x14 ./Core/Src/stm32f7xx_it.o
                0x080011c4                TIM3_IRQHandler
 .text.SystemInit
                0x080011d8       0x24 ./Core/Src/system_stm32f7xx.o
                0x080011d8                SystemInit
 .text.Reset_Handler
                0x080011fc       0x50 ./Core/Startup/startup_stm32f746zgtx.o
                0x080011fc                Reset_Handler
 .text.Default_Handler
                0x0800124c        0x2 ./Core/Startup/startup_stm32f746zgtx.o
                0x0800124c                RTC_Alarm_IRQHandler
                0x0800124c                EXTI2_IRQHandler
                0x0800124c                TIM8_CC_IRQHandler
                0x0800124c                UART8_IRQHandler
                0x0800124c                SPI4_IRQHandler
                0x0800124c                TIM1_CC_IRQHandler
                0x0800124c                DMA2_Stream5_IRQHandler
                0x0800124c                DMA1_Stream5_IRQHandler
                0x0800124c                PVD_IRQHandler
                0x0800124c                TAMP_STAMP_IRQHandler
                0x0800124c                CAN2_RX1_IRQHandler
                0x0800124c                TIM8_TRG_COM_TIM14_IRQHandler
                0x0800124c                TIM1_UP_TIM10_IRQHandler
                0x0800124c                TIM8_UP_TIM13_IRQHandler
                0x0800124c                I2C3_ER_IRQHandler
                0x0800124c                EXTI0_IRQHandler
                0x0800124c                I2C2_EV_IRQHandler
                0x0800124c                DMA1_Stream2_IRQHandler
                0x0800124c                CAN1_RX0_IRQHandler
                0x0800124c                FPU_IRQHandler
                0x0800124c                OTG_HS_WKUP_IRQHandler
                0x0800124c                LTDC_ER_IRQHandler
                0x0800124c                CAN2_SCE_IRQHandler
                0x0800124c                DMA2_Stream2_IRQHandler
                0x0800124c                SPI1_IRQHandler
                0x0800124c                TIM6_DAC_IRQHandler
                0x0800124c                TIM1_BRK_TIM9_IRQHandler
                0x0800124c                DCMI_IRQHandler
                0x0800124c                CAN2_RX0_IRQHandler
                0x0800124c                DMA2_Stream3_IRQHandler
                0x0800124c                SAI2_IRQHandler
                0x0800124c                USART6_IRQHandler
                0x0800124c                USART3_IRQHandler
                0x0800124c                CAN1_RX1_IRQHandler
                0x0800124c                UART5_IRQHandler
                0x0800124c                DMA2_Stream0_IRQHandler
                0x0800124c                TIM4_IRQHandler
                0x0800124c                QUADSPI_IRQHandler
                0x0800124c                I2C1_EV_IRQHandler
                0x0800124c                DMA1_Stream6_IRQHandler
                0x0800124c                DMA1_Stream1_IRQHandler
                0x0800124c                UART4_IRQHandler
                0x0800124c                RCC_IRQHandler
                0x0800124c                TIM8_BRK_TIM12_IRQHandler
                0x0800124c                Default_Handler
                0x0800124c                CEC_IRQHandler
                0x0800124c                EXTI15_10_IRQHandler
                0x0800124c                ADC_IRQHandler
                0x0800124c                DMA1_Stream7_IRQHandler
                0x0800124c                SPI5_IRQHandler
                0x0800124c                TIM7_IRQHandler
                0x0800124c                SDMMC1_IRQHandler
                0x0800124c                CAN2_TX_IRQHandler
                0x0800124c                TIM5_IRQHandler
                0x0800124c                DMA2_Stream7_IRQHandler
                0x0800124c                I2C3_EV_IRQHandler
                0x0800124c                EXTI9_5_IRQHandler
                0x0800124c                RTC_WKUP_IRQHandler
                0x0800124c                LTDC_IRQHandler
                0x0800124c                ETH_WKUP_IRQHandler
                0x0800124c                SPDIF_RX_IRQHandler
                0x0800124c                SPI2_IRQHandler
                0x0800124c                OTG_HS_EP1_IN_IRQHandler
                0x0800124c                DMA1_Stream0_IRQHandler
                0x0800124c                CAN1_TX_IRQHandler
                0x0800124c                EXTI4_IRQHandler
                0x0800124c                RNG_IRQHandler
                0x0800124c                ETH_IRQHandler
                0x0800124c                OTG_HS_EP1_OUT_IRQHandler
                0x0800124c                WWDG_IRQHandler
                0x0800124c                SPI6_IRQHandler
                0x0800124c                I2C4_EV_IRQHandler
                0x0800124c                TIM2_IRQHandler
                0x0800124c                OTG_FS_WKUP_IRQHandler
                0x0800124c                TIM1_TRG_COM_TIM11_IRQHandler
                0x0800124c                OTG_HS_IRQHandler
                0x0800124c                DMA2D_IRQHandler
                0x0800124c                EXTI1_IRQHandler
                0x0800124c                UART7_IRQHandler
                0x0800124c                USART2_IRQHandler
                0x0800124c                I2C2_ER_IRQHandler
                0x0800124c                DMA2_Stream1_IRQHandler
                0x0800124c                CAN1_SCE_IRQHandler
                0x0800124c                FLASH_IRQHandler
                0x0800124c                DMA2_Stream4_IRQHandler
                0x0800124c                USART1_IRQHandler
                0x0800124c                OTG_FS_IRQHandler
                0x0800124c                SPI3_IRQHandler
                0x0800124c                DMA1_Stream4_IRQHandler
                0x0800124c                I2C1_ER_IRQHandler
                0x0800124c                FMC_IRQHandler
                0x0800124c                LPTIM1_IRQHandler
                0x0800124c                I2C4_ER_IRQHandler
                0x0800124c                DMA2_Stream6_IRQHandler
                0x0800124c                SAI1_IRQHandler
                0x0800124c                DMA1_Stream3_IRQHandler
 .text.HAL_Init
                0x0800124e       0x1a ./Drivers/STM32F7xx_HAL_Driver/Src/stm32f7xx_hal.o
                0x0800124e                HAL_Init
 .text.HAL_InitTick
                0x08001268       0x60 ./Drivers/STM32F7xx_HAL_Driver/Src/stm32f7xx_hal.o
                0x08001268                HAL_InitTick
 .text.HAL_IncTick
                0x080012c8       0x28 ./Drivers/STM32F7xx_HAL_Driver/Src/stm32f7xx_hal.o
                0x080012c8                HAL_IncTick
 .text.HAL_GetTick
                0x080012f0       0x18 ./Drivers/STM32F7xx_HAL_Driver/Src/stm32f7xx_hal.o
                0x080012f0                HAL_GetTick
 .text.HAL_Delay
                0x08001308       0x48 ./Drivers/STM32F7xx_HAL_Driver/Src/stm32f7xx_hal.o
                0x08001308                HAL_Delay
 .text.__NVIC_SetPriorityGrouping
                0x08001350       0x48 ./Drivers/STM32F7xx_HAL_Driver/Src/stm32f7xx_hal_cortex.o
 .text.__NVIC_GetPriorityGrouping
                0x08001398       0x1c ./Drivers/STM32F7xx_HAL_Driver/Src/stm32f7xx_hal_cortex.o
 .text.__NVIC_EnableIRQ
                0x080013b4       0x3c ./Drivers/STM32F7xx_HAL_Driver/Src/stm32f7xx_hal_cortex.o
 .text.__NVIC_SetPriority
                0x080013f0       0x54 ./Drivers/STM32F7xx_HAL_Driver/Src/stm32f7xx_hal_cortex.o
 .text.NVIC_EncodePriority
                0x08001444       0x66 ./Drivers/STM32F7xx_HAL_Driver/Src/stm32f7xx_hal_cortex.o
 *fill*         0x080014aa        0x2 
 .text.SysTick_Config
                0x080014ac       0x44 ./Drivers/STM32F7xx_HAL_Driver/Src/stm32f7xx_hal_cortex.o
 .text.HAL_NVIC_SetPriorityGrouping
                0x080014f0       0x16 ./Drivers/STM32F7xx_HAL_Driver/Src/stm32f7xx_hal_cortex.o
                0x080014f0                HAL_NVIC_SetPriorityGrouping
 .text.HAL_NVIC_SetPriority
                0x08001506       0x38 ./Drivers/STM32F7xx_HAL_Driver/Src/stm32f7xx_hal_cortex.o
                0x08001506                HAL_NVIC_SetPriority
 .text.HAL_NVIC_EnableIRQ
                0x0800153e       0x1c ./Drivers/STM32F7xx_HAL_Driver/Src/stm32f7xx_hal_cortex.o
                0x0800153e                HAL_NVIC_EnableIRQ
 .text.HAL_SYSTICK_Config
                0x0800155a       0x18 ./Drivers/STM32F7xx_HAL_Driver/Src/stm32f7xx_hal_cortex.o
                0x0800155a                HAL_SYSTICK_Config
 *fill*         0x08001572        0x2 
 .text.HAL_ETH_Init
                0x08001574      0x134 ./Drivers/STM32F7xx_HAL_Driver/Src/stm32f7xx_hal_eth.o
                0x08001574                HAL_ETH_Init
 .text.ETH_SetMACConfig
                0x080016a8      0x168 ./Drivers/STM32F7xx_HAL_Driver/Src/stm32f7xx_hal_eth.o
 .text.ETH_SetDMAConfig
                0x08001810      0x114 ./Drivers/STM32F7xx_HAL_Driver/Src/stm32f7xx_hal_eth.o
 .text.ETH_MACDMAConfig
                0x08001924       0xea ./Drivers/STM32F7xx_HAL_Driver/Src/stm32f7xx_hal_eth.o
 *fill*         0x08001a0e        0x2 
 .text.ETH_MACAddressConfig
                0x08001a10       0x70 ./Drivers/STM32F7xx_HAL_Driver/Src/stm32f7xx_hal_eth.o
 .text.ETH_DMATxDescListInit
                0x08001a80       0xb2 ./Drivers/STM32F7xx_HAL_Driver/Src/stm32f7xx_hal_eth.o
 .text.ETH_DMARxDescListInit
                0x08001b32       0xde ./Drivers/STM32F7xx_HAL_Driver/Src/stm32f7xx_hal_eth.o
 .text.HAL_GPIO_Init
                0x08001c10      0x358 ./Drivers/STM32F7xx_HAL_Driver/Src/stm32f7xx_hal_gpio.o
                0x08001c10                HAL_GPIO_Init
 .text.HAL_GPIO_ReadPin
                0x08001f68       0x30 ./Drivers/STM32F7xx_HAL_Driver/Src/stm32f7xx_hal_gpio.o
                0x08001f68                HAL_GPIO_ReadPin
 .text.HAL_GPIO_WritePin
                0x08001f98       0x32 ./Drivers/STM32F7xx_HAL_Driver/Src/stm32f7xx_hal_gpio.o
                0x08001f98                HAL_GPIO_WritePin
 .text.HAL_GPIO_TogglePin
                0x08001fca       0x34 ./Drivers/STM32F7xx_HAL_Driver/Src/stm32f7xx_hal_gpio.o
                0x08001fca                HAL_GPIO_TogglePin
 *fill*         0x08001ffe        0x2 
 .text.HAL_GPIO_EXTI_IRQHandler
                0x08002000       0x30 ./Drivers/STM32F7xx_HAL_Driver/Src/stm32f7xx_hal_gpio.o
                0x08002000                HAL_GPIO_EXTI_IRQHandler
 .text.HAL_I2C_Init
                0x08002030      0x138 ./Drivers/STM32F7xx_HAL_Driver/Src/stm32f7xx_hal_i2c.o
                0x08002030                HAL_I2C_Init
 .text.HAL_I2CEx_ConfigAnalogFilter
                0x08002168       0x96 ./Drivers/STM32F7xx_HAL_Driver/Src/stm32f7xx_hal_i2c_ex.o
                0x08002168                HAL_I2CEx_ConfigAnalogFilter
 .text.HAL_I2CEx_ConfigDigitalFilter
                0x080021fe       0x98 ./Drivers/STM32F7xx_HAL_Driver/Src/stm32f7xx_hal_i2c_ex.o
                0x080021fe                HAL_I2CEx_ConfigDigitalFilter
 .text.HAL_PCD_Init
                0x08002296      0x22c ./Drivers/STM32F7xx_HAL_Driver/Src/stm32f7xx_hal_pcd.o
                0x08002296                HAL_PCD_Init
 *fill*         0x080024c2        0x2 
 .text.HAL_PCDEx_ActivateLPM
                0x080024c4       0x48 ./Drivers/STM32F7xx_HAL_Driver/Src/stm32f7xx_hal_pcd_ex.o
                0x080024c4                HAL_PCDEx_ActivateLPM
 .text.HAL_PWR_EnableBkUpAccess
                0x0800250c       0x20 ./Drivers/STM32F7xx_HAL_Driver/Src/stm32f7xx_hal_pwr.o
                0x0800250c                HAL_PWR_EnableBkUpAccess
 .text.HAL_RCC_OscConfig
                0x0800252c      0x548 ./Drivers/STM32F7xx_HAL_Driver/Src/stm32f7xx_hal_rcc.o
                0x0800252c                HAL_RCC_OscConfig
 .text.HAL_RCC_ClockConfig
                0x08002a74      0x1d8 ./Drivers/STM32F7xx_HAL_Driver/Src/stm32f7xx_hal_rcc.o
                0x08002a74                HAL_RCC_ClockConfig
 .text.HAL_RCC_GetSysClockFreq
                0x08002c4c      0x20c ./Drivers/STM32F7xx_HAL_Driver/Src/stm32f7xx_hal_rcc.o
                0x08002c4c                HAL_RCC_GetSysClockFreq
 .text.HAL_RCC_GetHCLKFreq
                0x08002e58       0x18 ./Drivers/STM32F7xx_HAL_Driver/Src/stm32f7xx_hal_rcc.o
                0x08002e58                HAL_RCC_GetHCLKFreq
 .text.HAL_RCC_GetPCLK1Freq
                0x08002e70       0x28 ./Drivers/STM32F7xx_HAL_Driver/Src/stm32f7xx_hal_rcc.o
                0x08002e70                HAL_RCC_GetPCLK1Freq
 .text.HAL_RCC_GetPCLK2Freq
                0x08002e98       0x28 ./Drivers/STM32F7xx_HAL_Driver/Src/stm32f7xx_hal_rcc.o
                0x08002e98                HAL_RCC_GetPCLK2Freq
 .text.HAL_RCCEx_PeriphCLKConfig
                0x08002ec0      0x7e0 ./Drivers/STM32F7xx_HAL_Driver/Src/stm32f7xx_hal_rcc_ex.o
                0x08002ec0                HAL_RCCEx_PeriphCLKConfig
 .text.HAL_TIM_Base_Init
                0x080036a0       0xae ./Drivers/STM32F7xx_HAL_Driver/Src/stm32f7xx_hal_tim.o
                0x080036a0                HAL_TIM_Base_Init
 *fill*         0x0800374e        0x2 
 .text.HAL_TIM_Base_Start_IT
                0x08003750       0xf0 ./Drivers/STM32F7xx_HAL_Driver/Src/stm32f7xx_hal_tim.o
                0x08003750                HAL_TIM_Base_Start_IT
 .text.HAL_TIM_OC_Init
                0x08003840       0xae ./Drivers/STM32F7xx_HAL_Driver/Src/stm32f7xx_hal_tim.o
                0x08003840                HAL_TIM_OC_Init
 .text.HAL_TIM_OC_MspInit
                0x080038ee       0x14 ./Drivers/STM32F7xx_HAL_Driver/Src/stm32f7xx_hal_tim.o
                0x080038ee                HAL_TIM_OC_MspInit
 .text.HAL_TIM_IRQHandler
                0x08003902      0x20e ./Drivers/STM32F7xx_HAL_Driver/Src/stm32f7xx_hal_tim.o
                0x08003902                HAL_TIM_IRQHandler
 .text.HAL_TIM_OC_ConfigChannel
                0x08003b10       0xf4 ./Drivers/STM32F7xx_HAL_Driver/Src/stm32f7xx_hal_tim.o
                0x08003b10                HAL_TIM_OC_ConfigChannel
 .text.HAL_TIM_ConfigClockSource
                0x08003c04      0x194 ./Drivers/STM32F7xx_HAL_Driver/Src/stm32f7xx_hal_tim.o
                0x08003c04                HAL_TIM_ConfigClockSource
 .text.HAL_TIM_OC_DelayElapsedCallback
                0x08003d98       0x14 ./Drivers/STM32F7xx_HAL_Driver/Src/stm32f7xx_hal_tim.o
                0x08003d98                HAL_TIM_OC_DelayElapsedCallback
 .text.HAL_TIM_IC_CaptureCallback
                0x08003dac       0x14 ./Drivers/STM32F7xx_HAL_Driver/Src/stm32f7xx_hal_tim.o
                0x08003dac                HAL_TIM_IC_CaptureCallback
 .text.HAL_TIM_PWM_PulseFinishedCallback
                0x08003dc0       0x14 ./Drivers/STM32F7xx_HAL_Driver/Src/stm32f7xx_hal_tim.o
                0x08003dc0                HAL_TIM_PWM_PulseFinishedCallback
 .text.HAL_TIM_TriggerCallback
                0x08003dd4       0x14 ./Drivers/STM32F7xx_HAL_Driver/Src/stm32f7xx_hal_tim.o
                0x08003dd4                HAL_TIM_TriggerCallback
 .text.TIM_Base_SetConfig
                0x08003de8      0x14c ./Drivers/STM32F7xx_HAL_Driver/Src/stm32f7xx_hal_tim.o
                0x08003de8                TIM_Base_SetConfig
 .text.TIM_OC1_SetConfig
                0x08003f34       0xe4 ./Drivers/STM32F7xx_HAL_Driver/Src/stm32f7xx_hal_tim.o
 .text.TIM_OC2_SetConfig
                0x08004018       0xf0 ./Drivers/STM32F7xx_HAL_Driver/Src/stm32f7xx_hal_tim.o
                0x08004018                TIM_OC2_SetConfig
 .text.TIM_OC3_SetConfig
                0x08004108       0xec ./Drivers/STM32F7xx_HAL_Driver/Src/stm32f7xx_hal_tim.o
 .text.TIM_OC4_SetConfig
                0x080041f4       0xb0 ./Drivers/STM32F7xx_HAL_Driver/Src/stm32f7xx_hal_tim.o
 .text.TIM_OC5_SetConfig
                0x080042a4       0xa4 ./Drivers/STM32F7xx_HAL_Driver/Src/stm32f7xx_hal_tim.o
 .text.TIM_OC6_SetConfig
                0x08004348       0xa8 ./Drivers/STM32F7xx_HAL_Driver/Src/stm32f7xx_hal_tim.o
 .text.TIM_TI1_ConfigInputStage
                0x080043f0       0x5e ./Drivers/STM32F7xx_HAL_Driver/Src/stm32f7xx_hal_tim.o
 .text.TIM_TI2_ConfigInputStage
                0x0800444e       0x60 ./Drivers/STM32F7xx_HAL_Driver/Src/stm32f7xx_hal_tim.o
 .text.TIM_ITRx_SetConfig
                0x080044ae       0x36 ./Drivers/STM32F7xx_HAL_Driver/Src/stm32f7xx_hal_tim.o
 .text.TIM_ETR_SetConfig
                0x080044e4       0x40 ./Drivers/STM32F7xx_HAL_Driver/Src/stm32f7xx_hal_tim.o
                0x080044e4                TIM_ETR_SetConfig
 .text.HAL_TIMEx_MasterConfigSynchronization
                0x08004524      0x11c ./Drivers/STM32F7xx_HAL_Driver/Src/stm32f7xx_hal_tim_ex.o
                0x08004524                HAL_TIMEx_MasterConfigSynchronization
 .text.HAL_TIMEx_CommutCallback
                0x08004640       0x14 ./Drivers/STM32F7xx_HAL_Driver/Src/stm32f7xx_hal_tim_ex.o
                0x08004640                HAL_TIMEx_CommutCallback
 .text.HAL_TIMEx_BreakCallback
                0x08004654       0x14 ./Drivers/STM32F7xx_HAL_Driver/Src/stm32f7xx_hal_tim_ex.o
                0x08004654                HAL_TIMEx_BreakCallback
 .text.HAL_TIMEx_Break2Callback
                0x08004668       0x14 ./Drivers/STM32F7xx_HAL_Driver/Src/stm32f7xx_hal_tim_ex.o
                0x08004668                HAL_TIMEx_Break2Callback
 .text.HAL_UART_Init
                0x0800467c       0x9c ./Drivers/STM32F7xx_HAL_Driver/Src/stm32f7xx_hal_uart.o
                0x0800467c                HAL_UART_Init
 .text.UART_SetConfig
                0x08004718      0x4c8 ./Drivers/STM32F7xx_HAL_Driver/Src/stm32f7xx_hal_uart.o
                0x08004718                UART_SetConfig
 .text.UART_AdvFeatureConfig
                0x08004be0      0x144 ./Drivers/STM32F7xx_HAL_Driver/Src/stm32f7xx_hal_uart.o
                0x08004be0                UART_AdvFeatureConfig
 .text.UART_CheckIdleState
                0x08004d24       0xae ./Drivers/STM32F7xx_HAL_Driver/Src/stm32f7xx_hal_uart.o
                0x08004d24                UART_CheckIdleState
 .text.UART_WaitOnFlagUntilTimeout
                0x08004dd2       0xda ./Drivers/STM32F7xx_HAL_Driver/Src/stm32f7xx_hal_uart.o
                0x08004dd2                UART_WaitOnFlagUntilTimeout
 .text.UART_EndRxTransfer
                0x08004eac       0xc8 ./Drivers/STM32F7xx_HAL_Driver/Src/stm32f7xx_hal_uart.o
 .text.USB_CoreInit
                0x08004f74       0xb4 ./Drivers/STM32F7xx_HAL_Driver/Src/stm32f7xx_ll_usb.o
                0x08004f74                USB_CoreInit
 .text.USB_DisableGlobalInt
                0x08005028       0x22 ./Drivers/STM32F7xx_HAL_Driver/Src/stm32f7xx_ll_usb.o
                0x08005028                USB_DisableGlobalInt
 .text.USB_SetCurrentMode
                0x0800504a       0x98 ./Drivers/STM32F7xx_HAL_Driver/Src/stm32f7xx_ll_usb.o
                0x0800504a                USB_SetCurrentMode
 *fill*         0x080050e2        0x2 
 .text.USB_DevInit
                0x080050e4      0x2bc ./Drivers/STM32F7xx_HAL_Driver/Src/stm32f7xx_ll_usb.o
                0x080050e4                USB_DevInit
 .text.USB_FlushTxFifo
                0x080053a0       0x64 ./Drivers/STM32F7xx_HAL_Driver/Src/stm32f7xx_ll_usb.o
                0x080053a0                USB_FlushTxFifo
 .text.USB_FlushRxFifo
                0x08005404       0x5c ./Drivers/STM32F7xx_HAL_Driver/Src/stm32f7xx_ll_usb.o
                0x08005404                USB_FlushRxFifo
 .text.USB_SetDevSpeed
                0x08005460       0x32 ./Drivers/STM32F7xx_HAL_Driver/Src/stm32f7xx_ll_usb.o
                0x08005460                USB_SetDevSpeed
 .text.USB_DevDisconnect
                0x08005492       0x42 ./Drivers/STM32F7xx_HAL_Driver/Src/stm32f7xx_ll_usb.o
                0x08005492                USB_DevDisconnect
 .text.USB_GetMode
                0x080054d4       0x1c ./Drivers/STM32F7xx_HAL_Driver/Src/stm32f7xx_ll_usb.o
                0x080054d4                USB_GetMode
 .text.USB_CoreReset
                0x080054f0       0x70 ./Drivers/STM32F7xx_HAL_Driver/Src/stm32f7xx_ll_usb.o
 .text.memset   0x08005560       0x10 C:/ST/STM32CubeIDE_1.19.0/STM32CubeIDE/plugins/com.st.stm32cube.ide.mcu.externaltools.gnu-tools-for-stm32.13.3.rel1.win32_1.0.0.202411081344/tools/bin/../lib/gcc/arm-none-eabi/13.3.1/../../../../arm-none-eabi/lib/thumb/v7e-m+fp/hard\libc_nano.a(libc_a-memset.o)
                0x08005560                memset
 .text.__libc_init_array
                0x08005570       0x48 C:/ST/STM32CubeIDE_1.19.0/STM32CubeIDE/plugins/com.st.stm32cube.ide.mcu.externaltools.gnu-tools-for-stm32.13.3.rel1.win32_1.0.0.202411081344/tools/bin/../lib/gcc/arm-none-eabi/13.3.1/../../../../arm-none-eabi/lib/thumb/v7e-m+fp/hard\libc_nano.a(libc_a-init.o)
                0x08005570                __libc_init_array
 *(.glue_7)
 .glue_7        0x080055b8        0x0 linker stubs
 *(.glue_7t)
 .glue_7t       0x080055b8        0x0 linker stubs
 *(.eh_frame)
 .eh_frame      0x080055b8        0x0 C:/ST/STM32CubeIDE_1.19.0/STM32CubeIDE/plugins/com.st.stm32cube.ide.mcu.externaltools.gnu-tools-for-stm32.13.3.rel1.win32_1.0.0.202411081344/tools/bin/../lib/gcc/arm-none-eabi/13.3.1/thumb/v7e-m+fp/hard/crtbegin.o
 *(.init)
 .init          0x080055b8        0x4 C:/ST/STM32CubeIDE_1.19.0/STM32CubeIDE/plugins/com.st.stm32cube.ide.mcu.externaltools.gnu-tools-for-stm32.13.3.rel1.win32_1.0.0.202411081344/tools/bin/../lib/gcc/arm-none-eabi/13.3.1/thumb/v7e-m+fp/hard/crti.o
                0x080055b8                _init
 .init          0x080055bc        0x8 C:/ST/STM32CubeIDE_1.19.0/STM32CubeIDE/plugins/com.st.stm32cube.ide.mcu.externaltools.gnu-tools-for-stm32.13.3.rel1.win32_1.0.0.202411081344/tools/bin/../lib/gcc/arm-none-eabi/13.3.1/thumb/v7e-m+fp/hard/crtn.o
 *(.fini)
 .fini          0x080055c4        0x4 C:/ST/STM32CubeIDE_1.19.0/STM32CubeIDE/plugins/com.st.stm32cube.ide.mcu.externaltools.gnu-tools-for-stm32.13.3.rel1.win32_1.0.0.202411081344/tools/bin/../lib/gcc/arm-none-eabi/13.3.1/thumb/v7e-m+fp/hard/crti.o
                0x080055c4                _fini
 .fini          0x080055c8        0x8 C:/ST/STM32CubeIDE_1.19.0/STM32CubeIDE/plugins/com.st.stm32cube.ide.mcu.externaltools.gnu-tools-for-stm32.13.3.rel1.win32_1.0.0.202411081344/tools/bin/../lib/gcc/arm-none-eabi/13.3.1/thumb/v7e-m+fp/hard/crtn.o
                0x080055d0                        . = ALIGN (0x4)
                0x080055d0                        _etext = .

.vfp11_veneer   0x080055d0        0x0
 .vfp11_veneer  0x080055d0        0x0 linker stubs

.v4_bx          0x080055d0        0x0
 .v4_bx         0x080055d0        0x0 linker stubs

.iplt           0x080055d0        0x0
 .iplt          0x080055d0        0x0 C:/ST/STM32CubeIDE_1.19.0/STM32CubeIDE/plugins/com.st.stm32cube.ide.mcu.externaltools.gnu-tools-for-stm32.13.3.rel1.win32_1.0.0.202411081344/tools/bin/../lib/gcc/arm-none-eabi/13.3.1/thumb/v7e-m+fp/hard/crtbegin.o

.rodata         0x080055d0       0x38
                0x080055d0                        . = ALIGN (0x4)
 *(.rodata)
 .rodata        0x080055d0       0x20 ./Core/Src/main.o
 *(.rodata*)
 .rodata.AHBPrescTable
                0x080055f0       0x10 ./Core/Src/system_stm32f7xx.o
                0x080055f0                AHBPrescTable
 .rodata.APBPrescTable
                0x08005600        0x8 ./Core/Src/system_stm32f7xx.o
                0x08005600                APBPrescTable
                0x08005608                        . = ALIGN (0x4)

.ARM.extab      0x08005608        0x0
                0x08005608                        . = ALIGN (0x4)
 *(.ARM.extab* .gnu.linkonce.armextab.*)
                0x08005608                        . = ALIGN (0x4)

.ARM            0x08005608        0x8
                0x08005608                        . = ALIGN (0x4)
                0x08005608                        __exidx_start = .
 *(.ARM.exidx*)
 .ARM.exidx     0x08005608        0x8 C:/ST/STM32CubeIDE_1.19.0/STM32CubeIDE/plugins/com.st.stm32cube.ide.mcu.externaltools.gnu-tools-for-stm32.13.3.rel1.win32_1.0.0.202411081344/tools/bin/../lib/gcc/arm-none-eabi/13.3.1/thumb/v7e-m+fp/hard\libgcc.a(_udivmoddi4.o)
                0x08005610                        __exidx_end = .
                0x08005610                        . = ALIGN (0x4)

.preinit_array  0x08005610        0x0
                0x08005610                        . = ALIGN (0x4)
                0x08005610                        PROVIDE (__preinit_array_start = .)
 *(.preinit_array*)
                0x08005610                        PROVIDE (__preinit_array_end = .)
                0x08005610                        . = ALIGN (0x4)

.init_array     0x08005610        0x4
                0x08005610                        . = ALIGN (0x4)
                0x08005610                        PROVIDE (__init_array_start = .)
 *(SORT_BY_NAME(.init_array.*))
 *(.init_array*)
 .init_array    0x08005610        0x4 C:/ST/STM32CubeIDE_1.19.0/STM32CubeIDE/plugins/com.st.stm32cube.ide.mcu.externaltools.gnu-tools-for-stm32.13.3.rel1.win32_1.0.0.202411081344/tools/bin/../lib/gcc/arm-none-eabi/13.3.1/thumb/v7e-m+fp/hard/crtbegin.o
                0x08005614                        PROVIDE (__init_array_end = .)
                0x08005614                        . = ALIGN (0x4)

.fini_array     0x08005614        0x4
                0x08005614                        . = ALIGN (0x4)
                [!provide]                        PROVIDE (__fini_array_start = .)
 *(SORT_BY_NAME(.fini_array.*))
 *(.fini_array*)
 .fini_array    0x08005614        0x4 C:/ST/STM32CubeIDE_1.19.0/STM32CubeIDE/plugins/com.st.stm32cube.ide.mcu.externaltools.gnu-tools-for-stm32.13.3.rel1.win32_1.0.0.202411081344/tools/bin/../lib/gcc/arm-none-eabi/13.3.1/thumb/v7e-m+fp/hard/crtbegin.o
                [!provide]                        PROVIDE (__fini_array_end = .)
                0x08005618                        . = ALIGN (0x4)
                0x08005618                        _sidata = LOADADDR (.data)

.rel.dyn        0x08005618        0x0
 .rel.iplt      0x08005618        0x0 C:/ST/STM32CubeIDE_1.19.0/STM32CubeIDE/plugins/com.st.stm32cube.ide.mcu.externaltools.gnu-tools-for-stm32.13.3.rel1.win32_1.0.0.202411081344/tools/bin/../lib/gcc/arm-none-eabi/13.3.1/thumb/v7e-m+fp/hard/crtbegin.o

.data           0x20000000        0xc load address 0x08005618
                0x20000000                        . = ALIGN (0x4)
                0x20000000                        _sdata = .
 *(.data)
 *(.data*)
 .data.SystemCoreClock
                0x20000000        0x4 ./Core/Src/system_stm32f7xx.o
                0x20000000                SystemCoreClock
 .data.uwTickPrio
                0x20000004        0x4 ./Drivers/STM32F7xx_HAL_Driver/Src/stm32f7xx_hal.o
                0x20000004                uwTickPrio
 .data.uwTickFreq
                0x20000008        0x1 ./Drivers/STM32F7xx_HAL_Driver/Src/stm32f7xx_hal.o
                0x20000008                uwTickFreq
 *(.RamFunc)
 *(.RamFunc*)
                0x2000000c                        . = ALIGN (0x4)
 *fill*         0x20000009        0x3 
                0x2000000c                        _edata = .

.igot.plt       0x2000000c        0x0 load address 0x08005624
 .igot.plt      0x2000000c        0x0 C:/ST/STM32CubeIDE_1.19.0/STM32CubeIDE/plugins/com.st.stm32cube.ide.mcu.externaltools.gnu-tools-for-stm32.13.3.rel1.win32_1.0.0.202411081344/tools/bin/../lib/gcc/arm-none-eabi/13.3.1/thumb/v7e-m+fp/hard/crtbegin.o

.RxDecripSection
                0x2000000c       0xa0 load address 0x08005624
 .RxDecripSection
                0x2000000c       0xa0 ./Core/Src/main.o
                0x2000000c                DMARxDscrTab

.TxDecripSection
                0x200000ac       0xa0 load address 0x080056c4
 .TxDecripSection
                0x200000ac       0xa0 ./Core/Src/main.o
                0x200000ac                DMATxDscrTab
                0x2000014c                        . = ALIGN (0x4)

.bss            0x2000014c      0x720 load address 0x08005764
                0x2000014c                        _sbss = .
                0x2000014c                        __bss_start__ = _sbss
 *(.bss)
 .bss           0x2000014c       0x1c C:/ST/STM32CubeIDE_1.19.0/STM32CubeIDE/plugins/com.st.stm32cube.ide.mcu.externaltools.gnu-tools-for-stm32.13.3.rel1.win32_1.0.0.202411081344/tools/bin/../lib/gcc/arm-none-eabi/13.3.1/thumb/v7e-m+fp/hard/crtbegin.o
 *(.bss*)
 .bss.TxConfig  0x20000168       0x38 ./Core/Src/main.o
                0x20000168                TxConfig
 .bss.heth      0x200001a0       0xb0 ./Core/Src/main.o
                0x200001a0                heth
 .bss.hi2c1     0x20000250       0x54 ./Core/Src/main.o
                0x20000250                hi2c1
 .bss.htim3     0x200002a4       0x4c ./Core/Src/main.o
                0x200002a4                htim3
 .bss.huart3    0x200002f0       0x88 ./Core/Src/main.o
                0x200002f0                huart3
 .bss.hpcd_USB_OTG_FS
                0x20000378      0x4e0 ./Core/Src/main.o
                0x20000378                hpcd_USB_OTG_FS
 .bss.counter   0x20000858        0x4 ./Core/Src/main.o
                0x20000858                counter
 .bss.led_on    0x2000085c        0x1 ./Core/Src/main.o
                0x2000085c                led_on
 *fill*         0x2000085d        0x3 
 .bss.MACAddr.2
                0x20000860        0x6 ./Core/Src/main.o
 *fill*         0x20000866        0x2 
 .bss.uwTick    0x20000868        0x4 ./Drivers/STM32F7xx_HAL_Driver/Src/stm32f7xx_hal.o
                0x20000868                uwTick
 *(COMMON)
                0x2000086c                        . = ALIGN (0x4)
                0x2000086c                        _ebss = .
                0x2000086c                        __bss_end__ = _ebss

._user_heap_stack
                0x2000086c      0x604 load address 0x08005764
                0x20000870                        . = ALIGN (0x8)
 *fill*         0x2000086c        0x4 
                [!provide]                        PROVIDE (end = .)
                0x20000870                        PROVIDE (_end = .)
                0x20000a70                        . = (. + _Min_Heap_Size)
 *fill*         0x20000870      0x200 
                0x20000e70                        . = (. + _Min_Stack_Size)
 *fill*         0x20000a70      0x400 
                0x20000e70                        . = ALIGN (0x8)

/DISCARD/
 libc.a(*)
 libm.a(*)
 libgcc.a(*)

.ARM.attributes
                0x00000000       0x30
 *(.ARM.attributes)
 .ARM.attributes
                0x00000000       0x22 C:/ST/STM32CubeIDE_1.19.0/STM32CubeIDE/plugins/com.st.stm32cube.ide.mcu.externaltools.gnu-tools-for-stm32.13.3.rel1.win32_1.0.0.202411081344/tools/bin/../lib/gcc/arm-none-eabi/13.3.1/thumb/v7e-m+fp/hard/crti.o
 .ARM.attributes
                0x00000022       0x34 C:/ST/STM32CubeIDE_1.19.0/STM32CubeIDE/plugins/com.st.stm32cube.ide.mcu.externaltools.gnu-tools-for-stm32.13.3.rel1.win32_1.0.0.202411081344/tools/bin/../lib/gcc/arm-none-eabi/13.3.1/thumb/v7e-m+fp/hard/crtbegin.o
 .ARM.attributes
                0x00000056       0x34 ./Core/Src/main.o
 .ARM.attributes
                0x0000008a       0x34 ./Core/Src/stm32f7xx_hal_msp.o
 .ARM.attributes
                0x000000be       0x34 ./Core/Src/stm32f7xx_it.o
 .ARM.attributes
                0x000000f2       0x34 ./Core/Src/system_stm32f7xx.o
 .ARM.attributes
                0x00000126       0x21 ./Core/Startup/startup_stm32f746zgtx.o
 .ARM.attributes
                0x00000147       0x34 ./Drivers/STM32F7xx_HAL_Driver/Src/stm32f7xx_hal.o
 .ARM.attributes
                0x0000017b       0x34 ./Drivers/STM32F7xx_HAL_Driver/Src/stm32f7xx_hal_cortex.o
 .ARM.attributes
                0x000001af       0x34 ./Drivers/STM32F7xx_HAL_Driver/Src/stm32f7xx_hal_eth.o
 .ARM.attributes
                0x000001e3       0x34 ./Drivers/STM32F7xx_HAL_Driver/Src/stm32f7xx_hal_gpio.o
 .ARM.attributes
                0x00000217       0x34 ./Drivers/STM32F7xx_HAL_Driver/Src/stm32f7xx_hal_i2c.o
 .ARM.attributes
                0x0000024b       0x34 ./Drivers/STM32F7xx_HAL_Driver/Src/stm32f7xx_hal_i2c_ex.o
 .ARM.attributes
                0x0000027f       0x34 ./Drivers/STM32F7xx_HAL_Driver/Src/stm32f7xx_hal_pcd.o
 .ARM.attributes
                0x000002b3       0x34 ./Drivers/STM32F7xx_HAL_Driver/Src/stm32f7xx_hal_pcd_ex.o
 .ARM.attributes
                0x000002e7       0x34 ./Drivers/STM32F7xx_HAL_Driver/Src/stm32f7xx_hal_pwr.o
 .ARM.attributes
                0x0000031b       0x34 ./Drivers/STM32F7xx_HAL_Driver/Src/stm32f7xx_hal_rcc.o
 .ARM.attributes
                0x0000034f       0x34 ./Drivers/STM32F7xx_HAL_Driver/Src/stm32f7xx_hal_rcc_ex.o
 .ARM.attributes
                0x00000383       0x34 ./Drivers/STM32F7xx_HAL_Driver/Src/stm32f7xx_hal_tim.o
 .ARM.attributes
                0x000003b7       0x34 ./Drivers/STM32F7xx_HAL_Driver/Src/stm32f7xx_hal_tim_ex.o
 .ARM.attributes
                0x000003eb       0x34 ./Drivers/STM32F7xx_HAL_Driver/Src/stm32f7xx_hal_uart.o
 .ARM.attributes
                0x0000041f       0x34 ./Drivers/STM32F7xx_HAL_Driver/Src/stm32f7xx_ll_usb.o
 .ARM.attributes
                0x00000453       0x34 C:/ST/STM32CubeIDE_1.19.0/STM32CubeIDE/plugins/com.st.stm32cube.ide.mcu.externaltools.gnu-tools-for-stm32.13.3.rel1.win32_1.0.0.202411081344/tools/bin/../lib/gcc/arm-none-eabi/13.3.1/../../../../arm-none-eabi/lib/thumb/v7e-m+fp/hard\libc_nano.a(libc_a-memset.o)
 .ARM.attributes
                0x00000487       0x34 C:/ST/STM32CubeIDE_1.19.0/STM32CubeIDE/plugins/com.st.stm32cube.ide.mcu.externaltools.gnu-tools-for-stm32.13.3.rel1.win32_1.0.0.202411081344/tools/bin/../lib/gcc/arm-none-eabi/13.3.1/../../../../arm-none-eabi/lib/thumb/v7e-m+fp/hard\libc_nano.a(libc_a-init.o)
 .ARM.attributes
                0x000004bb       0x22 C:/ST/STM32CubeIDE_1.19.0/STM32CubeIDE/plugins/com.st.stm32cube.ide.mcu.externaltools.gnu-tools-for-stm32.13.3.rel1.win32_1.0.0.202411081344/tools/bin/../lib/gcc/arm-none-eabi/13.3.1/thumb/v7e-m+fp/hard\libgcc.a(_aeabi_uldivmod.o)
 .ARM.attributes
                0x000004dd       0x34 C:/ST/STM32CubeIDE_1.19.0/STM32CubeIDE/plugins/com.st.stm32cube.ide.mcu.externaltools.gnu-tools-for-stm32.13.3.rel1.win32_1.0.0.202411081344/tools/bin/../lib/gcc/arm-none-eabi/13.3.1/thumb/v7e-m+fp/hard\libgcc.a(_udivmoddi4.o)
 .ARM.attributes
                0x00000511       0x22 C:/ST/STM32CubeIDE_1.19.0/STM32CubeIDE/plugins/com.st.stm32cube.ide.mcu.externaltools.gnu-tools-for-stm32.13.3.rel1.win32_1.0.0.202411081344/tools/bin/../lib/gcc/arm-none-eabi/13.3.1/thumb/v7e-m+fp/hard\libgcc.a(_dvmd_tls.o)
 .ARM.attributes
                0x00000533       0x22 C:/ST/STM32CubeIDE_1.19.0/STM32CubeIDE/plugins/com.st.stm32cube.ide.mcu.externaltools.gnu-tools-for-stm32.13.3.rel1.win32_1.0.0.202411081344/tools/bin/../lib/gcc/arm-none-eabi/13.3.1/thumb/v7e-m+fp/hard/crtn.o
OUTPUT(lab1_6.elf elf32-littlearm)
LOAD linker stubs
LOAD C:/ST/STM32CubeIDE_1.19.0/STM32CubeIDE/plugins/com.st.stm32cube.ide.mcu.externaltools.gnu-tools-for-stm32.13.3.rel1.win32_1.0.0.202411081344/tools/bin/../lib/gcc/arm-none-eabi/13.3.1/../../../../arm-none-eabi/lib/thumb/v7e-m+fp/hard\libc.a
LOAD C:/ST/STM32CubeIDE_1.19.0/STM32CubeIDE/plugins/com.st.stm32cube.ide.mcu.externaltools.gnu-tools-for-stm32.13.3.rel1.win32_1.0.0.202411081344/tools/bin/../lib/gcc/arm-none-eabi/13.3.1/../../../../arm-none-eabi/lib/thumb/v7e-m+fp/hard\libm.a
LOAD C:/ST/STM32CubeIDE_1.19.0/STM32CubeIDE/plugins/com.st.stm32cube.ide.mcu.externaltools.gnu-tools-for-stm32.13.3.rel1.win32_1.0.0.202411081344/tools/bin/../lib/gcc/arm-none-eabi/13.3.1/thumb/v7e-m+fp/hard\libgcc.a

.debug_info     0x00000000    0x19532
 .debug_info    0x00000000     0x2a58 ./Core/Src/main.o
 .debug_info    0x00002a58     0x258b ./Core/Src/stm32f7xx_hal_msp.o
 .debug_info    0x00004fe3      0x766 ./Core/Src/stm32f7xx_it.o
 .debug_info    0x00005749      0x6ed ./Core/Src/system_stm32f7xx.o
 .debug_info    0x00005e36       0x30 ./Core/Startup/startup_stm32f746zgtx.o
 .debug_info    0x00005e66      0x9d8 ./Drivers/STM32F7xx_HAL_Driver/Src/stm32f7xx_hal.o
 .debug_info    0x0000683e      0xf7e ./Drivers/STM32F7xx_HAL_Driver/Src/stm32f7xx_hal_cortex.o
 .debug_info    0x000077bc     0x21aa ./Drivers/STM32F7xx_HAL_Driver/Src/stm32f7xx_hal_eth.o
 .debug_info    0x00009966      0x6e7 ./Drivers/STM32F7xx_HAL_Driver/Src/stm32f7xx_hal_gpio.o
 .debug_info    0x0000a04d     0x2147 ./Drivers/STM32F7xx_HAL_Driver/Src/stm32f7xx_hal_i2c.o
 .debug_info    0x0000c194      0x922 ./Drivers/STM32F7xx_HAL_Driver/Src/stm32f7xx_hal_i2c_ex.o
 .debug_info    0x0000cab6     0x1599 ./Drivers/STM32F7xx_HAL_Driver/Src/stm32f7xx_hal_pcd.o
 .debug_info    0x0000e04f      0x7a3 ./Drivers/STM32F7xx_HAL_Driver/Src/stm32f7xx_hal_pcd_ex.o
 .debug_info    0x0000e7f2      0x90e ./Drivers/STM32F7xx_HAL_Driver/Src/stm32f7xx_hal_pwr.o
 .debug_info    0x0000f100      0x8f0 ./Drivers/STM32F7xx_HAL_Driver/Src/stm32f7xx_hal_rcc.o
 .debug_info    0x0000f9f0      0x6bd ./Drivers/STM32F7xx_HAL_Driver/Src/stm32f7xx_hal_rcc_ex.o
 .debug_info    0x000100ad     0x2abd ./Drivers/STM32F7xx_HAL_Driver/Src/stm32f7xx_hal_tim.o
 .debug_info    0x00012b6a     0x15bb ./Drivers/STM32F7xx_HAL_Driver/Src/stm32f7xx_hal_tim_ex.o
 .debug_info    0x00014125     0x3a11 ./Drivers/STM32F7xx_HAL_Driver/Src/stm32f7xx_hal_uart.o
 .debug_info    0x00017b36     0x19fc ./Drivers/STM32F7xx_HAL_Driver/Src/stm32f7xx_ll_usb.o

.debug_abbrev   0x00000000     0x2cc0
 .debug_abbrev  0x00000000      0x374 ./Core/Src/main.o
 .debug_abbrev  0x00000374      0x2a9 ./Core/Src/stm32f7xx_hal_msp.o
 .debug_abbrev  0x0000061d      0x1a7 ./Core/Src/stm32f7xx_it.o
 .debug_abbrev  0x000007c4      0x13b ./Core/Src/system_stm32f7xx.o
 .debug_abbrev  0x000008ff       0x24 ./Core/Startup/startup_stm32f746zgtx.o
 .debug_abbrev  0x00000923      0x213 ./Drivers/STM32F7xx_HAL_Driver/Src/stm32f7xx_hal.o
 .debug_abbrev  0x00000b36      0x31e ./Drivers/STM32F7xx_HAL_Driver/Src/stm32f7xx_hal_cortex.o
 .debug_abbrev  0x00000e54      0x35a ./Drivers/STM32F7xx_HAL_Driver/Src/stm32f7xx_hal_eth.o
 .debug_abbrev  0x000011ae      0x1d4 ./Drivers/STM32F7xx_HAL_Driver/Src/stm32f7xx_hal_gpio.o
 .debug_abbrev  0x00001382      0x260 ./Drivers/STM32F7xx_HAL_Driver/Src/stm32f7xx_hal_i2c.o
 .debug_abbrev  0x000015e2      0x19c ./Drivers/STM32F7xx_HAL_Driver/Src/stm32f7xx_hal_i2c_ex.o
 .debug_abbrev  0x0000177e      0x2ee ./Drivers/STM32F7xx_HAL_Driver/Src/stm32f7xx_hal_pcd.o
 .debug_abbrev  0x00001a6c      0x1ca ./Drivers/STM32F7xx_HAL_Driver/Src/stm32f7xx_hal_pcd_ex.o
 .debug_abbrev  0x00001c36      0x1c5 ./Drivers/STM32F7xx_HAL_Driver/Src/stm32f7xx_hal_pwr.o
 .debug_abbrev  0x00001dfb      0x288 ./Drivers/STM32F7xx_HAL_Driver/Src/stm32f7xx_hal_rcc.o
 .debug_abbrev  0x00002083      0x1c9 ./Drivers/STM32F7xx_HAL_Driver/Src/stm32f7xx_hal_rcc_ex.o
 .debug_abbrev  0x0000224c      0x278 ./Drivers/STM32F7xx_HAL_Driver/Src/stm32f7xx_hal_tim.o
 .debug_abbrev  0x000024c4      0x283 ./Drivers/STM32F7xx_HAL_Driver/Src/stm32f7xx_hal_tim_ex.o
 .debug_abbrev  0x00002747      0x2e6 ./Drivers/STM32F7xx_HAL_Driver/Src/stm32f7xx_hal_uart.o
 .debug_abbrev  0x00002a2d      0x293 ./Drivers/STM32F7xx_HAL_Driver/Src/stm32f7xx_ll_usb.o

.debug_aranges  0x00000000     0x1518
 .debug_aranges
                0x00000000       0x80 ./Core/Src/main.o
 .debug_aranges
                0x00000080       0x70 ./Core/Src/stm32f7xx_hal_msp.o
 .debug_aranges
                0x000000f0       0x70 ./Core/Src/stm32f7xx_it.o
 .debug_aranges
                0x00000160       0x28 ./Core/Src/system_stm32f7xx.o
 .debug_aranges
                0x00000188       0x28 ./Core/Startup/startup_stm32f746zgtx.o
 .debug_aranges
                0x000001b0      0x100 ./Drivers/STM32F7xx_HAL_Driver/Src/stm32f7xx_hal.o
 .debug_aranges
                0x000002b0      0x128 ./Drivers/STM32F7xx_HAL_Driver/Src/stm32f7xx_hal_cortex.o
 .debug_aranges
                0x000003d8      0x1e8 ./Drivers/STM32F7xx_HAL_Driver/Src/stm32f7xx_hal_eth.o
 .debug_aranges
                0x000005c0       0x58 ./Drivers/STM32F7xx_HAL_Driver/Src/stm32f7xx_hal_gpio.o
 .debug_aranges
                0x00000618      0x2a0 ./Drivers/STM32F7xx_HAL_Driver/Src/stm32f7xx_hal_i2c.o
 .debug_aranges
                0x000008b8       0x38 ./Drivers/STM32F7xx_HAL_Driver/Src/stm32f7xx_hal_i2c_ex.o
 .debug_aranges
                0x000008f0      0x148 ./Drivers/STM32F7xx_HAL_Driver/Src/stm32f7xx_hal_pcd.o
 .debug_aranges
                0x00000a38       0x48 ./Drivers/STM32F7xx_HAL_Driver/Src/stm32f7xx_hal_pcd_ex.o
 .debug_aranges
                0x00000a80       0xa0 ./Drivers/STM32F7xx_HAL_Driver/Src/stm32f7xx_hal_pwr.o
 .debug_aranges
                0x00000b20       0x88 ./Drivers/STM32F7xx_HAL_Driver/Src/stm32f7xx_hal_rcc.o
 .debug_aranges
                0x00000ba8       0x50 ./Drivers/STM32F7xx_HAL_Driver/Src/stm32f7xx_hal_rcc_ex.o
 .debug_aranges
                0x00000bf8      0x3e0 ./Drivers/STM32F7xx_HAL_Driver/Src/stm32f7xx_hal_tim.o
 .debug_aranges
                0x00000fd8      0x178 ./Drivers/STM32F7xx_HAL_Driver/Src/stm32f7xx_hal_tim_ex.o
 .debug_aranges
                0x00001150      0x228 ./Drivers/STM32F7xx_HAL_Driver/Src/stm32f7xx_hal_uart.o
 .debug_aranges
                0x00001378      0x1a0 ./Drivers/STM32F7xx_HAL_Driver/Src/stm32f7xx_ll_usb.o

.debug_rnglists
                0x00000000     0x109a
 .debug_rnglists
                0x00000000       0x62 ./Core/Src/main.o
 .debug_rnglists
                0x00000062       0x53 ./Core/Src/stm32f7xx_hal_msp.o
 .debug_rnglists
                0x000000b5       0x4f ./Core/Src/stm32f7xx_it.o
 .debug_rnglists
                0x00000104       0x1a ./Core/Src/system_stm32f7xx.o
 .debug_rnglists
                0x0000011e       0x19 ./Core/Startup/startup_stm32f746zgtx.o
 .debug_rnglists
                0x00000137       0xbb ./Drivers/STM32F7xx_HAL_Driver/Src/stm32f7xx_hal.o
 .debug_rnglists
                0x000001f2       0xda ./Drivers/STM32F7xx_HAL_Driver/Src/stm32f7xx_hal_cortex.o
 .debug_rnglists
                0x000002cc      0x183 ./Drivers/STM32F7xx_HAL_Driver/Src/stm32f7xx_hal_eth.o
 .debug_rnglists
                0x0000044f       0x3f ./Drivers/STM32F7xx_HAL_Driver/Src/stm32f7xx_hal_gpio.o
 .debug_rnglists
                0x0000048e      0x228 ./Drivers/STM32F7xx_HAL_Driver/Src/stm32f7xx_hal_i2c.o
 .debug_rnglists
                0x000006b6       0x27 ./Drivers/STM32F7xx_HAL_Driver/Src/stm32f7xx_hal_i2c_ex.o
 .debug_rnglists
                0x000006dd       0xfa ./Drivers/STM32F7xx_HAL_Driver/Src/stm32f7xx_hal_pcd.o
 .debug_rnglists
                0x000007d7       0x32 ./Drivers/STM32F7xx_HAL_Driver/Src/stm32f7xx_hal_pcd_ex.o
 .debug_rnglists
                0x00000809       0x74 ./Drivers/STM32F7xx_HAL_Driver/Src/stm32f7xx_hal_pwr.o
 .debug_rnglists
                0x0000087d       0x67 ./Drivers/STM32F7xx_HAL_Driver/Src/stm32f7xx_hal_rcc.o
 .debug_rnglists
                0x000008e4       0x3c ./Drivers/STM32F7xx_HAL_Driver/Src/stm32f7xx_hal_rcc_ex.o
 .debug_rnglists
                0x00000920      0x328 ./Drivers/STM32F7xx_HAL_Driver/Src/stm32f7xx_hal_tim.o
 .debug_rnglists
                0x00000c48      0x131 ./Drivers/STM32F7xx_HAL_Driver/Src/stm32f7xx_hal_tim_ex.o
 .debug_rnglists
                0x00000d79      0x1da ./Drivers/STM32F7xx_HAL_Driver/Src/stm32f7xx_hal_uart.o
 .debug_rnglists
                0x00000f53      0x147 ./Drivers/STM32F7xx_HAL_Driver/Src/stm32f7xx_ll_usb.o

.debug_macro    0x00000000    0x27b72
 .debug_macro   0x00000000      0x302 ./Core/Src/main.o
 .debug_macro   0x00000302      0xad8 ./Core/Src/main.o
 .debug_macro   0x00000dda      0x29f ./Core/Src/main.o
 .debug_macro   0x00001079       0x2e ./Core/Src/main.o
 .debug_macro   0x000010a7       0x3b ./Core/Src/main.o
 .debug_macro   0x000010e2       0x22 ./Core/Src/main.o
 .debug_macro   0x00001104       0x8e ./Core/Src/main.o
 .debug_macro   0x00001192       0x51 ./Core/Src/main.o
 .debug_macro   0x000011e3      0x103 ./Core/Src/main.o
 .debug_macro   0x000012e6       0x6a ./Core/Src/main.o
 .debug_macro   0x00001350      0x1df ./Core/Src/main.o
 .debug_macro   0x0000152f       0x1c ./Core/Src/main.o
 .debug_macro   0x0000154b       0x22 ./Core/Src/main.o
 .debug_macro   0x0000156d       0xd9 ./Core/Src/main.o
 .debug_macro   0x00001646     0x12cd ./Core/Src/main.o
 .debug_macro   0x00002913      0x11f ./Core/Src/main.o
 .debug_macro   0x00002a32       0x19 ./Core/Src/main.o
 .debug_macro   0x00002a4b    0x19222 ./Core/Src/main.o
 .debug_macro   0x0001bc6d       0x6d ./Core/Src/main.o
 .debug_macro   0x0001bcda     0x375e ./Core/Src/main.o
 .debug_macro   0x0001f438      0x190 ./Core/Src/main.o
 .debug_macro   0x0001f5c8       0x63 ./Core/Src/main.o
 .debug_macro   0x0001f62b     0x18ad ./Core/Src/main.o
 .debug_macro   0x00020ed8      0x6c4 ./Core/Src/main.o
 .debug_macro   0x0002159c      0x185 ./Core/Src/main.o
 .debug_macro   0x00021721      0x115 ./Core/Src/main.o
 .debug_macro   0x00021836      0x1fd ./Core/Src/main.o
 .debug_macro   0x00021a33       0xa5 ./Core/Src/main.o
 .debug_macro   0x00021ad8      0x24f ./Core/Src/main.o
 .debug_macro   0x00021d27       0x41 ./Core/Src/main.o
 .debug_macro   0x00021d68       0x58 ./Core/Src/main.o
 .debug_macro   0x00021dc0      0x236 ./Core/Src/main.o
 .debug_macro   0x00021ff6      0xb99 ./Core/Src/main.o
 .debug_macro   0x00022b8f      0x14e ./Core/Src/main.o
 .debug_macro   0x00022cdd      0x25a ./Core/Src/main.o
 .debug_macro   0x00022f37       0x12 ./Core/Src/main.o
 .debug_macro   0x00022f49      0x22c ./Core/Src/main.o
 .debug_macro   0x00023175       0x61 ./Core/Src/main.o
 .debug_macro   0x000231d6       0xa5 ./Core/Src/main.o
 .debug_macro   0x0002327b      0x12e ./Core/Src/main.o
 .debug_macro   0x000233a9      0x108 ./Core/Src/main.o
 .debug_macro   0x000234b1       0x35 ./Core/Src/main.o
 .debug_macro   0x000234e6      0xa83 ./Core/Src/main.o
 .debug_macro   0x00023f69       0x59 ./Core/Src/main.o
 .debug_macro   0x00023fc2      0x56d ./Core/Src/main.o
 .debug_macro   0x0002452f       0x44 ./Core/Src/main.o
 .debug_macro   0x00024573      0x2cb ./Core/Src/main.o
 .debug_macro   0x0002483e       0xba ./Core/Src/main.o
 .debug_macro   0x000248f8      0x14d ./Core/Src/main.o
 .debug_macro   0x00024a45      0x17e ./Core/Src/main.o
 .debug_macro   0x00024bc3       0x61 ./Core/Src/main.o
 .debug_macro   0x00024c24       0x2a ./Core/Src/main.o
 .debug_macro   0x00024c4e       0x43 ./Core/Src/main.o
 .debug_macro   0x00024c91       0x34 ./Core/Src/main.o
 .debug_macro   0x00024cc5      0x370 ./Core/Src/main.o
 .debug_macro   0x00025035       0x16 ./Core/Src/main.o
 .debug_macro   0x0002504b       0x4a ./Core/Src/main.o
 .debug_macro   0x00025095       0x34 ./Core/Src/main.o
 .debug_macro   0x000250c9       0x10 ./Core/Src/main.o
 .debug_macro   0x000250d9       0x58 ./Core/Src/main.o
 .debug_macro   0x00025131       0x8e ./Core/Src/main.o
 .debug_macro   0x000251bf       0x1c ./Core/Src/main.o
 .debug_macro   0x000251db      0x185 ./Core/Src/main.o
 .debug_macro   0x00025360       0x10 ./Core/Src/main.o
 .debug_macro   0x00025370       0x3c ./Core/Src/main.o
 .debug_macro   0x000253ac       0x20 ./Core/Src/main.o
 .debug_macro   0x000253cc       0x22 ./Core/Src/main.o
 .debug_macro   0x000253ee      0x21f ./Core/Src/stm32f7xx_hal_msp.o
 .debug_macro   0x0002560d      0x229 ./Core/Src/stm32f7xx_it.o
 .debug_macro   0x00025836      0x210 ./Core/Src/system_stm32f7xx.o
 .debug_macro   0x00025a46      0x234 ./Drivers/STM32F7xx_HAL_Driver/Src/stm32f7xx_hal.o
 .debug_macro   0x00025c7a      0x210 ./Drivers/STM32F7xx_HAL_Driver/Src/stm32f7xx_hal_cortex.o
 .debug_macro   0x00025e8a      0x2ea ./Drivers/STM32F7xx_HAL_Driver/Src/stm32f7xx_hal_eth.o
 .debug_macro   0x00026174      0x216 ./Drivers/STM32F7xx_HAL_Driver/Src/stm32f7xx_hal_gpio.o
 .debug_macro   0x0002638a      0x2dc ./Drivers/STM32F7xx_HAL_Driver/Src/stm32f7xx_hal_i2c.o
 .debug_macro   0x00026666      0x210 ./Drivers/STM32F7xx_HAL_Driver/Src/stm32f7xx_hal_i2c_ex.o
 .debug_macro   0x00026876      0x21c ./Drivers/STM32F7xx_HAL_Driver/Src/stm32f7xx_hal_pcd.o
 .debug_macro   0x00026a92      0x210 ./Drivers/STM32F7xx_HAL_Driver/Src/stm32f7xx_hal_pcd_ex.o
 .debug_macro   0x00026ca2      0x22e ./Drivers/STM32F7xx_HAL_Driver/Src/stm32f7xx_hal_pwr.o
 .debug_macro   0x00026ed0      0x234 ./Drivers/STM32F7xx_HAL_Driver/Src/stm32f7xx_hal_rcc.o
 .debug_macro   0x00027104      0x210 ./Drivers/STM32F7xx_HAL_Driver/Src/stm32f7xx_hal_rcc_ex.o
 .debug_macro   0x00027314      0x211 ./Drivers/STM32F7xx_HAL_Driver/Src/stm32f7xx_hal_tim.o
 .debug_macro   0x00027525      0x210 ./Drivers/STM32F7xx_HAL_Driver/Src/stm32f7xx_hal_tim_ex.o
 .debug_macro   0x00027735      0x22d ./Drivers/STM32F7xx_HAL_Driver/Src/stm32f7xx_hal_uart.o
 .debug_macro   0x00027962      0x210 ./Drivers/STM32F7xx_HAL_Driver/Src/stm32f7xx_ll_usb.o

.debug_line     0x00000000    0x19309
 .debug_line    0x00000000      0xcff ./Core/Src/main.o
 .debug_line    0x00000cff      0x9cf ./Core/Src/stm32f7xx_hal_msp.o
 .debug_line    0x000016ce      0x8ae ./Core/Src/stm32f7xx_it.o
 .debug_line    0x00001f7c      0x843 ./Core/Src/system_stm32f7xx.o
 .debug_line    0x000027bf       0x7a ./Core/Startup/startup_stm32f746zgtx.o
 .debug_line    0x00002839      0xaf6 ./Drivers/STM32F7xx_HAL_Driver/Src/stm32f7xx_hal.o
 .debug_line    0x0000332f      0xd76 ./Drivers/STM32F7xx_HAL_Driver/Src/stm32f7xx_hal_cortex.o
 .debug_line    0x000040a5     0x1ad6 ./Drivers/STM32F7xx_HAL_Driver/Src/stm32f7xx_hal_eth.o
 .debug_line    0x00005b7b      0xc50 ./Drivers/STM32F7xx_HAL_Driver/Src/stm32f7xx_hal_gpio.o
 .debug_line    0x000067cb     0x382d ./Drivers/STM32F7xx_HAL_Driver/Src/stm32f7xx_hal_i2c.o
 .debug_line    0x00009ff8      0x8a1 ./Drivers/STM32F7xx_HAL_Driver/Src/stm32f7xx_hal_i2c_ex.o
 .debug_line    0x0000a899     0x14ca ./Drivers/STM32F7xx_HAL_Driver/Src/stm32f7xx_hal_pcd.o
 .debug_line    0x0000bd63      0x8e1 ./Drivers/STM32F7xx_HAL_Driver/Src/stm32f7xx_hal_pcd_ex.o
 .debug_line    0x0000c644      0x9f6 ./Drivers/STM32F7xx_HAL_Driver/Src/stm32f7xx_hal_pwr.o
 .debug_line    0x0000d03a      0xfeb ./Drivers/STM32F7xx_HAL_Driver/Src/stm32f7xx_hal_rcc.o
 .debug_line    0x0000e025      0xf27 ./Drivers/STM32F7xx_HAL_Driver/Src/stm32f7xx_hal_rcc_ex.o
 .debug_line    0x0000ef4c     0x3d91 ./Drivers/STM32F7xx_HAL_Driver/Src/stm32f7xx_hal_tim.o
 .debug_line    0x00012cdd     0x1b24 ./Drivers/STM32F7xx_HAL_Driver/Src/stm32f7xx_hal_tim_ex.o
 .debug_line    0x00014801     0x2d31 ./Drivers/STM32F7xx_HAL_Driver/Src/stm32f7xx_hal_uart.o
 .debug_line    0x00017532     0x1dd7 ./Drivers/STM32F7xx_HAL_Driver/Src/stm32f7xx_ll_usb.o

.debug_str      0x00000000    0xf8ea0
 .debug_str     0x00000000    0xf8ea0 ./Core/Src/main.o
                              0xf3a37 (size before relaxing)
 .debug_str     0x000f8ea0    0xf04a0 ./Core/Src/stm32f7xx_hal_msp.o
 .debug_str     0x000f8ea0    0xeecde ./Core/Src/stm32f7xx_it.o
 .debug_str     0x000f8ea0    0xee2dc ./Core/Src/system_stm32f7xx.o
 .debug_str     0x000f8ea0       0x7e ./Core/Startup/startup_stm32f746zgtx.o
 .debug_str     0x000f8ea0    0xeec45 ./Drivers/STM32F7xx_HAL_Driver/Src/stm32f7xx_hal.o
 .debug_str     0x000f8ea0    0xeec62 ./Drivers/STM32F7xx_HAL_Driver/Src/stm32f7xx_hal_cortex.o
 .debug_str     0x000f8ea0    0xefb18 ./Drivers/STM32F7xx_HAL_Driver/Src/stm32f7xx_hal_eth.o
 .debug_str     0x000f8ea0    0xee39a ./Drivers/STM32F7xx_HAL_Driver/Src/stm32f7xx_hal_gpio.o
 .debug_str     0x000f8ea0    0xef4ef ./Drivers/STM32F7xx_HAL_Driver/Src/stm32f7xx_hal_i2c.o
 .debug_str     0x000f8ea0    0xee76e ./Drivers/STM32F7xx_HAL_Driver/Src/stm32f7xx_hal_i2c_ex.o
 .debug_str     0x000f8ea0    0xeed15 ./Drivers/STM32F7xx_HAL_Driver/Src/stm32f7xx_hal_pcd.o
 .debug_str     0x000f8ea0    0xee617 ./Drivers/STM32F7xx_HAL_Driver/Src/stm32f7xx_hal_pcd_ex.o
 .debug_str     0x000f8ea0    0xee57d ./Drivers/STM32F7xx_HAL_Driver/Src/stm32f7xx_hal_pwr.o
 .debug_str     0x000f8ea0    0xee63e ./Drivers/STM32F7xx_HAL_Driver/Src/stm32f7xx_hal_rcc.o
 .debug_str     0x000f8ea0    0xee576 ./Drivers/STM32F7xx_HAL_Driver/Src/stm32f7xx_hal_rcc_ex.o
 .debug_str     0x000f8ea0    0xef5ff ./Drivers/STM32F7xx_HAL_Driver/Src/stm32f7xx_hal_tim.o
 .debug_str     0x000f8ea0    0xeee45 ./Drivers/STM32F7xx_HAL_Driver/Src/stm32f7xx_hal_tim_ex.o
 .debug_str     0x000f8ea0    0xeef8b ./Drivers/STM32F7xx_HAL_Driver/Src/stm32f7xx_hal_uart.o
 .debug_str     0x000f8ea0    0xeebf2 ./Drivers/STM32F7xx_HAL_Driver/Src/stm32f7xx_ll_usb.o

.comment        0x00000000       0x43
 .comment       0x00000000       0x43 ./Core/Src/main.o
                                 0x44 (size before relaxing)
 .comment       0x00000043       0x44 ./Core/Src/stm32f7xx_hal_msp.o
 .comment       0x00000043       0x44 ./Core/Src/stm32f7xx_it.o
 .comment       0x00000043       0x44 ./Core/Src/system_stm32f7xx.o
 .comment       0x00000043       0x44 ./Drivers/STM32F7xx_HAL_Driver/Src/stm32f7xx_hal.o
 .comment       0x00000043       0x44 ./Drivers/STM32F7xx_HAL_Driver/Src/stm32f7xx_hal_cortex.o
 .comment       0x00000043       0x44 ./Drivers/STM32F7xx_HAL_Driver/Src/stm32f7xx_hal_eth.o
 .comment       0x00000043       0x44 ./Drivers/STM32F7xx_HAL_Driver/Src/stm32f7xx_hal_gpio.o
 .comment       0x00000043       0x44 ./Drivers/STM32F7xx_HAL_Driver/Src/stm32f7xx_hal_i2c.o
 .comment       0x00000043       0x44 ./Drivers/STM32F7xx_HAL_Driver/Src/stm32f7xx_hal_i2c_ex.o
 .comment       0x00000043       0x44 ./Drivers/STM32F7xx_HAL_Driver/Src/stm32f7xx_hal_pcd.o
 .comment       0x00000043       0x44 ./Drivers/STM32F7xx_HAL_Driver/Src/stm32f7xx_hal_pcd_ex.o
 .comment       0x00000043       0x44 ./Drivers/STM32F7xx_HAL_Driver/Src/stm32f7xx_hal_pwr.o
 .comment       0x00000043       0x44 ./Drivers/STM32F7xx_HAL_Driver/Src/stm32f7xx_hal_rcc.o
 .comment       0x00000043       0x44 ./Drivers/STM32F7xx_HAL_Driver/Src/stm32f7xx_hal_rcc_ex.o
 .comment       0x00000043       0x44 ./Drivers/STM32F7xx_HAL_Driver/Src/stm32f7xx_hal_tim.o
 .comment       0x00000043       0x44 ./Drivers/STM32F7xx_HAL_Driver/Src/stm32f7xx_hal_tim_ex.o
 .comment       0x00000043       0x44 ./Drivers/STM32F7xx_HAL_Driver/Src/stm32f7xx_hal_uart.o
 .comment       0x00000043       0x44 ./Drivers/STM32F7xx_HAL_Driver/Src/stm32f7xx_ll_usb.o

.debug_frame    0x00000000     0x5ba0
 .debug_frame   0x00000000      0x1bc ./Core/Src/main.o
 .debug_frame   0x000001bc      0x1ac ./Core/Src/stm32f7xx_hal_msp.o
 .debug_frame   0x00000368      0x13c ./Core/Src/stm32f7xx_it.o
 .debug_frame   0x000004a4       0x58 ./Core/Src/system_stm32f7xx.o
 .debug_frame   0x000004fc      0x3b4 ./Drivers/STM32F7xx_HAL_Driver/Src/stm32f7xx_hal.o
 .debug_frame   0x000008b0      0x4e8 ./Drivers/STM32F7xx_HAL_Driver/Src/stm32f7xx_hal_cortex.o
 .debug_frame   0x00000d98      0x8c0 ./Drivers/STM32F7xx_HAL_Driver/Src/stm32f7xx_hal_eth.o
 .debug_frame   0x00001658      0x14c ./Drivers/STM32F7xx_HAL_Driver/Src/stm32f7xx_hal_gpio.o
 .debug_frame   0x000017a4      0xc38 ./Drivers/STM32F7xx_HAL_Driver/Src/stm32f7xx_hal_i2c.o
 .debug_frame   0x000023dc       0xb0 ./Drivers/STM32F7xx_HAL_Driver/Src/stm32f7xx_hal_i2c_ex.o
 .debug_frame   0x0000248c      0x5b8 ./Drivers/STM32F7xx_HAL_Driver/Src/stm32f7xx_hal_pcd.o
 .debug_frame   0x00002a44      0x100 ./Drivers/STM32F7xx_HAL_Driver/Src/stm32f7xx_hal_pcd_ex.o
 .debug_frame   0x00002b44      0x254 ./Drivers/STM32F7xx_HAL_Driver/Src/stm32f7xx_hal_pwr.o
 .debug_frame   0x00002d98      0x1f8 ./Drivers/STM32F7xx_HAL_Driver/Src/stm32f7xx_hal_rcc.o
 .debug_frame   0x00002f90      0x118 ./Drivers/STM32F7xx_HAL_Driver/Src/stm32f7xx_hal_rcc_ex.o
 .debug_frame   0x000030a8     0x121c ./Drivers/STM32F7xx_HAL_Driver/Src/stm32f7xx_hal_tim.o
 .debug_frame   0x000042c4      0x688 ./Drivers/STM32F7xx_HAL_Driver/Src/stm32f7xx_hal_tim_ex.o
 .debug_frame   0x0000494c      0x9e8 ./Drivers/STM32F7xx_HAL_Driver/Src/stm32f7xx_hal_uart.o
 .debug_frame   0x00005334      0x7c0 ./Drivers/STM32F7xx_HAL_Driver/Src/stm32f7xx_ll_usb.o
 .debug_frame   0x00005af4       0x20 C:/ST/STM32CubeIDE_1.19.0/STM32CubeIDE/plugins/com.st.stm32cube.ide.mcu.externaltools.gnu-tools-for-stm32.13.3.rel1.win32_1.0.0.202411081344/tools/bin/../lib/gcc/arm-none-eabi/13.3.1/../../../../arm-none-eabi/lib/thumb/v7e-m+fp/hard\libc_nano.a(libc_a-memset.o)
 .debug_frame   0x00005b14       0x2c C:/ST/STM32CubeIDE_1.19.0/STM32CubeIDE/plugins/com.st.stm32cube.ide.mcu.externaltools.gnu-tools-for-stm32.13.3.rel1.win32_1.0.0.202411081344/tools/bin/../lib/gcc/arm-none-eabi/13.3.1/../../../../arm-none-eabi/lib/thumb/v7e-m+fp/hard\libc_nano.a(libc_a-init.o)
 .debug_frame   0x00005b40       0x2c C:/ST/STM32CubeIDE_1.19.0/STM32CubeIDE/plugins/com.st.stm32cube.ide.mcu.externaltools.gnu-tools-for-stm32.13.3.rel1.win32_1.0.0.202411081344/tools/bin/../lib/gcc/arm-none-eabi/13.3.1/thumb/v7e-m+fp/hard\libgcc.a(_aeabi_uldivmod.o)
 .debug_frame   0x00005b6c       0x34 C:/ST/STM32CubeIDE_1.19.0/STM32CubeIDE/plugins/com.st.stm32cube.ide.mcu.externaltools.gnu-tools-for-stm32.13.3.rel1.win32_1.0.0.202411081344/tools/bin/../lib/gcc/arm-none-eabi/13.3.1/thumb/v7e-m+fp/hard\libgcc.a(_udivmoddi4.o)

.debug_line_str
                0x00000000       0x62
 .debug_line_str
                0x00000000       0x62 ./Core/Startup/startup_stm32f746zgtx.o
