../Core/Src/main.c:63:6:HAL_GPIO_EXTI_Rising_Callback	16	static
../Core/Src/main.c:73:6:HAL_TIM_OC_DelayElapsedCallback	16	static
../Core/Src/main.c:82:6:HAL_TIM_PeriodElapsedCallback	16	static
../Core/Src/main.c:98:5:main	8	static
../Core/Src/main.c:144:6:SystemClock_Config	104	static
../Core/Src/main.c:191:13:MX_ICACHE_Init	8	static
../Core/Src/main.c:223:13:MX_TIM1_Init	104	static
../Core/Src/main.c:294:13:MX_GPIO_Init	40	static
../Core/Src/main.c:367:6:Error_Handler	4	static,ignoring_inline_asm
