../Core/Src/main.c:96:6:HAL_GPIO_EXTI_Callback	16	static
../Core/Src/main.c:111:6:HAL_TIM_PeriodElapsedCallback	16	static
../Core/Src/main.c:175:14:key_pooling	32	static
../Core/Src/main.c:126:5:main	80	static
../Core/Src/main.c:193:13:handle_led_buttons	32	static
../Core/Src/main.c:227:6:SystemClock_Config	88	static
../Core/Src/main.c:277:13:MX_ETH_Init	8	static
../Core/Src/main.c:326:13:MX_I2C1_Init	8	static
../Core/Src/main.c:374:13:MX_TIM3_Init	64	static
../Core/Src/main.c:432:13:MX_USART3_UART_Init	8	static
../Core/Src/main.c:467:13:MX_USB_OTG_FS_PCD_Init	8	static
../Core/Src/main.c:502:13:MX_GPIO_Init	56	static
../Core/Src/main.c:589:6:Error_Handler	4	static,ignoring_inline_asm
