/home/Bartosz/Desktop/MicrocontrollerLaboratories/Laboratory10/zad2/Middlewares/Third_Party/ARM_CMSIS/CMSIS/Core/Include/core_cm4.h:1763:22:__NVIC_SetPriorityGrouping	24	static
/home/Bartosz/Desktop/MicrocontrollerLaboratories/Laboratory10/zad2/Middlewares/Third_Party/ARM_CMSIS/CMSIS/Core/Include/core_cm4.h:1782:26:__NVIC_GetPriorityGrouping	4	static
/home/Bartosz/Desktop/MicrocontrollerLaboratories/Laboratory10/zad2/Middlewares/Third_Party/ARM_CMSIS/CMSIS/Core/Include/core_cm4.h:1794:22:__NVIC_EnableIRQ	16	static,ignoring_inline_asm
/home/Bartosz/Desktop/MicrocontrollerLaboratories/Laboratory10/zad2/Middlewares/Third_Party/ARM_CMSIS/CMSIS/Core/Include/core_cm4.h:1832:22:__NVIC_DisableIRQ	16	static,ignoring_inline_asm
/home/Bartosz/Desktop/MicrocontrollerLaboratories/Laboratory10/zad2/Middlewares/Third_Party/ARM_CMSIS/CMSIS/Core/Include/core_cm4.h:1851:26:__NVIC_GetPendingIRQ	16	static
/home/Bartosz/Desktop/MicrocontrollerLaboratories/Laboratory10/zad2/Middlewares/Third_Party/ARM_CMSIS/CMSIS/Core/Include/core_cm4.h:1870:22:__NVIC_SetPendingIRQ	16	static
/home/Bartosz/Desktop/MicrocontrollerLaboratories/Laboratory10/zad2/Middlewares/Third_Party/ARM_CMSIS/CMSIS/Core/Include/core_cm4.h:1885:22:__NVIC_ClearPendingIRQ	16	static
/home/Bartosz/Desktop/MicrocontrollerLaboratories/Laboratory10/zad2/Middlewares/Third_Party/ARM_CMSIS/CMSIS/Core/Include/core_cm4.h:1902:26:__NVIC_GetActive	16	static
/home/Bartosz/Desktop/MicrocontrollerLaboratories/Laboratory10/zad2/Middlewares/Third_Party/ARM_CMSIS/CMSIS/Core/Include/core_cm4.h:1924:22:__NVIC_SetPriority	16	static
/home/Bartosz/Desktop/MicrocontrollerLaboratories/Laboratory10/zad2/Middlewares/Third_Party/ARM_CMSIS/CMSIS/Core/Include/core_cm4.h:1946:26:__NVIC_GetPriority	16	static
/home/Bartosz/Desktop/MicrocontrollerLaboratories/Laboratory10/zad2/Middlewares/Third_Party/ARM_CMSIS/CMSIS/Core/Include/core_cm4.h:1971:26:NVIC_EncodePriority	40	static
/home/Bartosz/Desktop/MicrocontrollerLaboratories/Laboratory10/zad2/Middlewares/Third_Party/ARM_CMSIS/CMSIS/Core/Include/core_cm4.h:1998:22:NVIC_DecodePriority	40	static
/home/Bartosz/Desktop/MicrocontrollerLaboratories/Laboratory10/zad2/Middlewares/Third_Party/ARM_CMSIS/CMSIS/Core/Include/core_cm4.h:2048:34:__NVIC_SystemReset	4	static,ignoring_inline_asm
/home/Bartosz/Desktop/MicrocontrollerLaboratories/Laboratory10/zad2/Middlewares/Third_Party/ARM_CMSIS/CMSIS/Core/Include/core_cm4.h:2130:26:SysTick_Config	16	static
../Drivers/STM32L4xx_HAL_Driver/Src/stm32l4xx_hal_cortex.c:163:6:HAL_NVIC_SetPriorityGrouping	16	static
../Drivers/STM32L4xx_HAL_Driver/Src/stm32l4xx_hal_cortex.c:185:6:HAL_NVIC_SetPriority	32	static
../Drivers/STM32L4xx_HAL_Driver/Src/stm32l4xx_hal_cortex.c:207:6:HAL_NVIC_EnableIRQ	16	static
../Drivers/STM32L4xx_HAL_Driver/Src/stm32l4xx_hal_cortex.c:223:6:HAL_NVIC_DisableIRQ	16	static
../Drivers/STM32L4xx_HAL_Driver/Src/stm32l4xx_hal_cortex.c:236:6:HAL_NVIC_SystemReset	8	static
../Drivers/STM32L4xx_HAL_Driver/Src/stm32l4xx_hal_cortex.c:249:10:HAL_SYSTICK_Config	16	static
../Drivers/STM32L4xx_HAL_Driver/Src/stm32l4xx_hal_cortex.c:277:10:HAL_NVIC_GetPriorityGrouping	8	static
../Drivers/STM32L4xx_HAL_Driver/Src/stm32l4xx_hal_cortex.c:304:6:HAL_NVIC_GetPriority	24	static
../Drivers/STM32L4xx_HAL_Driver/Src/stm32l4xx_hal_cortex.c:319:6:HAL_NVIC_SetPendingIRQ	16	static
../Drivers/STM32L4xx_HAL_Driver/Src/stm32l4xx_hal_cortex.c:337:10:HAL_NVIC_GetPendingIRQ	16	static
../Drivers/STM32L4xx_HAL_Driver/Src/stm32l4xx_hal_cortex.c:353:6:HAL_NVIC_ClearPendingIRQ	16	static
../Drivers/STM32L4xx_HAL_Driver/Src/stm32l4xx_hal_cortex.c:370:10:HAL_NVIC_GetActive	16	static
../Drivers/STM32L4xx_HAL_Driver/Src/stm32l4xx_hal_cortex.c:384:6:HAL_SYSTICK_CLKSourceConfig	16	static
../Drivers/STM32L4xx_HAL_Driver/Src/stm32l4xx_hal_cortex.c:402:6:HAL_SYSTICK_IRQHandler	8	static
../Drivers/STM32L4xx_HAL_Driver/Src/stm32l4xx_hal_cortex.c:411:13:HAL_SYSTICK_Callback	4	static
../Drivers/STM32L4xx_HAL_Driver/Src/stm32l4xx_hal_cortex.c:430:6:HAL_MPU_Enable	16	static,ignoring_inline_asm
../Drivers/STM32L4xx_HAL_Driver/Src/stm32l4xx_hal_cortex.c:445:6:HAL_MPU_Disable	4	static,ignoring_inline_asm
../Drivers/STM32L4xx_HAL_Driver/Src/stm32l4xx_hal_cortex.c:458:6:HAL_MPU_EnableRegion	16	static
../Drivers/STM32L4xx_HAL_Driver/Src/stm32l4xx_hal_cortex.c:474:6:HAL_MPU_DisableRegion	16	static
../Drivers/STM32L4xx_HAL_Driver/Src/stm32l4xx_hal_cortex.c:492:6:HAL_MPU_ConfigRegion	16	static
