04:57:28 **** Incremental Build of configuration Debug for project zad5 ****
make -j28 all 
arm-none-eabi-gcc "../Core/Src/main.c" -mcpu=cortex-m4 -std=gnu11 -g3 -DDEBUG -DUSE_HAL_DRIVER -DSTM32L476xx -c -I../Core/Inc -I../Drivers/STM32L4xx_HAL_Driver/Inc -I../Drivers/STM32L4xx_HAL_Driver/Inc/Legacy -I../Drivers/CMSIS/Device/ST/STM32L4xx/Include -I../Drivers/CMSIS/Include -O0 -ffunction-sections -fdata-sections -Wall -fstack-usage -fcyclomatic-complexity -MMD -MP -MF"Core/Src/main.d" -MT"Core/Src/main.o" --specs=nano.specs -mfpu=fpv4-sp-d16 -mfloat-abi=hard -mthumb -o "Core/Src/main.o"
../Core/Src/main.c: In function 'main':
../Core/Src/main.c:241:21: warning: unused variable 'temp' [-Wunused-variable]
  241 |               float temp = Photo_CalcLux(adc2_mv);
      |                     ^~~~
arm-none-eabi-gcc -o "zad5.elf" @"objects.list"   -mcpu=cortex-m4 -T"/home/Bartosz/STM32CubeIDE/workspace_2.0.0/lab/Laboratory7/zad5/STM32L476RGTX_FLASH.ld" --specs=nosys.specs -Wl,-Map="zad5.map" -Wl,--gc-sections -static --specs=nano.specs -mfpu=fpv4-sp-d16 -mfloat-abi=hard -mthumb -u _printf_float -u _scanf_float -Wl,--start-group -lc -lm -Wl,--end-group
Finished building target: zad5.elf
 
arm-none-eabi-size  zad5.elf 
arm-none-eabi-objdump -h -S zad5.elf  > "zad5.list"
   text	   data	    bss	    dec	    hex	filename
  44664	    468	   2268	  47400	   b928	zad5.elf
Finished building: default.size.stdout
 
Finished building: zad5.list
 
04:57:33 **** Incremental Build of configuration Debug for project zad5 ****
make -j28 all 
arm-none-eabi-size  zad5.elf 
   text	   data	    bss	    dec	    hex	filename
  44664	    468	   2268	  47400	   b928	zad5.elf
Finished building: default.size.stdout
 
